Archive member included to satisfy reference by file (symbol)

/opt/homebrew/Cellar/riscv-gnu-toolchain/main/lib/gcc/riscv64-unknown-elf/14.2.0/rv32i/ilp32/libgcc.a(div.o)
                              print.o (__divsi3)
/opt/homebrew/Cellar/riscv-gnu-toolchain/main/lib/gcc/riscv64-unknown-elf/14.2.0/../../../../riscv64-unknown-elf/lib/rv32i/ilp32/libc.a(libc_a-exit.o)
                              /opt/homebrew/Cellar/riscv-gnu-toolchain/main/lib/gcc/riscv64-unknown-elf/14.2.0/../../../../riscv64-unknown-elf/lib/rv32i/ilp32/crt0.o (exit)
/opt/homebrew/Cellar/riscv-gnu-toolchain/main/lib/gcc/riscv64-unknown-elf/14.2.0/../../../../riscv64-unknown-elf/lib/rv32i/ilp32/libc.a(libc_a-findfp.o)
                              /opt/homebrew/Cellar/riscv-gnu-toolchain/main/lib/gcc/riscv64-unknown-elf/14.2.0/../../../../riscv64-unknown-elf/lib/rv32i/ilp32/libc.a(libc_a-exit.o) (__stdio_exit_handler)
/opt/homebrew/Cellar/riscv-gnu-toolchain/main/lib/gcc/riscv64-unknown-elf/14.2.0/../../../../riscv64-unknown-elf/lib/rv32i/ilp32/libc.a(libc_a-fwalk.o)
                              /opt/homebrew/Cellar/riscv-gnu-toolchain/main/lib/gcc/riscv64-unknown-elf/14.2.0/../../../../riscv64-unknown-elf/lib/rv32i/ilp32/libc.a(libc_a-findfp.o) (_fwalk_sglue)
/opt/homebrew/Cellar/riscv-gnu-toolchain/main/lib/gcc/riscv64-unknown-elf/14.2.0/../../../../riscv64-unknown-elf/lib/rv32i/ilp32/libc.a(libc_a-stdio.o)
                              /opt/homebrew/Cellar/riscv-gnu-toolchain/main/lib/gcc/riscv64-unknown-elf/14.2.0/../../../../riscv64-unknown-elf/lib/rv32i/ilp32/libc.a(libc_a-findfp.o) (__sread)
/opt/homebrew/Cellar/riscv-gnu-toolchain/main/lib/gcc/riscv64-unknown-elf/14.2.0/../../../../riscv64-unknown-elf/lib/rv32i/ilp32/libc.a(libc_a-closer.o)
                              /opt/homebrew/Cellar/riscv-gnu-toolchain/main/lib/gcc/riscv64-unknown-elf/14.2.0/../../../../riscv64-unknown-elf/lib/rv32i/ilp32/libc.a(libc_a-stdio.o) (_close_r)
/opt/homebrew/Cellar/riscv-gnu-toolchain/main/lib/gcc/riscv64-unknown-elf/14.2.0/../../../../riscv64-unknown-elf/lib/rv32i/ilp32/libc.a(libc_a-reent.o)
                              /opt/homebrew/Cellar/riscv-gnu-toolchain/main/lib/gcc/riscv64-unknown-elf/14.2.0/../../../../riscv64-unknown-elf/lib/rv32i/ilp32/libc.a(libc_a-closer.o) (errno)
/opt/homebrew/Cellar/riscv-gnu-toolchain/main/lib/gcc/riscv64-unknown-elf/14.2.0/../../../../riscv64-unknown-elf/lib/rv32i/ilp32/libc.a(libc_a-impure.o)
                              /opt/homebrew/Cellar/riscv-gnu-toolchain/main/lib/gcc/riscv64-unknown-elf/14.2.0/../../../../riscv64-unknown-elf/lib/rv32i/ilp32/libc.a(libc_a-reent.o) (_impure_ptr)
/opt/homebrew/Cellar/riscv-gnu-toolchain/main/lib/gcc/riscv64-unknown-elf/14.2.0/../../../../riscv64-unknown-elf/lib/rv32i/ilp32/libc.a(libc_a-lseekr.o)
                              /opt/homebrew/Cellar/riscv-gnu-toolchain/main/lib/gcc/riscv64-unknown-elf/14.2.0/../../../../riscv64-unknown-elf/lib/rv32i/ilp32/libc.a(libc_a-stdio.o) (_lseek_r)
/opt/homebrew/Cellar/riscv-gnu-toolchain/main/lib/gcc/riscv64-unknown-elf/14.2.0/../../../../riscv64-unknown-elf/lib/rv32i/ilp32/libc.a(libc_a-readr.o)
                              /opt/homebrew/Cellar/riscv-gnu-toolchain/main/lib/gcc/riscv64-unknown-elf/14.2.0/../../../../riscv64-unknown-elf/lib/rv32i/ilp32/libc.a(libc_a-stdio.o) (_read_r)
/opt/homebrew/Cellar/riscv-gnu-toolchain/main/lib/gcc/riscv64-unknown-elf/14.2.0/../../../../riscv64-unknown-elf/lib/rv32i/ilp32/libc.a(libc_a-writer.o)
                              /opt/homebrew/Cellar/riscv-gnu-toolchain/main/lib/gcc/riscv64-unknown-elf/14.2.0/../../../../riscv64-unknown-elf/lib/rv32i/ilp32/libc.a(libc_a-stdio.o) (_write_r)
/opt/homebrew/Cellar/riscv-gnu-toolchain/main/lib/gcc/riscv64-unknown-elf/14.2.0/../../../../riscv64-unknown-elf/lib/rv32i/ilp32/libc.a(libc_a-init.o)
                              /opt/homebrew/Cellar/riscv-gnu-toolchain/main/lib/gcc/riscv64-unknown-elf/14.2.0/../../../../riscv64-unknown-elf/lib/rv32i/ilp32/crt0.o (__libc_init_array)
/opt/homebrew/Cellar/riscv-gnu-toolchain/main/lib/gcc/riscv64-unknown-elf/14.2.0/../../../../riscv64-unknown-elf/lib/rv32i/ilp32/libc.a(libc_a-memset.o)
                              /opt/homebrew/Cellar/riscv-gnu-toolchain/main/lib/gcc/riscv64-unknown-elf/14.2.0/../../../../riscv64-unknown-elf/lib/rv32i/ilp32/crt0.o (memset)
/opt/homebrew/Cellar/riscv-gnu-toolchain/main/lib/gcc/riscv64-unknown-elf/14.2.0/../../../../riscv64-unknown-elf/lib/rv32i/ilp32/libc.a(libc_a-strlen.o)
                              print.o (strlen)
/opt/homebrew/Cellar/riscv-gnu-toolchain/main/lib/gcc/riscv64-unknown-elf/14.2.0/../../../../riscv64-unknown-elf/lib/rv32i/ilp32/libc.a(libc_a-__call_atexit.o)
                              /opt/homebrew/Cellar/riscv-gnu-toolchain/main/lib/gcc/riscv64-unknown-elf/14.2.0/../../../../riscv64-unknown-elf/lib/rv32i/ilp32/libc.a(libc_a-exit.o) (__call_exitprocs)
/opt/homebrew/Cellar/riscv-gnu-toolchain/main/lib/gcc/riscv64-unknown-elf/14.2.0/../../../../riscv64-unknown-elf/lib/rv32i/ilp32/libc.a(libc_a-atexit.o)
                              /opt/homebrew/Cellar/riscv-gnu-toolchain/main/lib/gcc/riscv64-unknown-elf/14.2.0/../../../../riscv64-unknown-elf/lib/rv32i/ilp32/libc.a(libc_a-__call_atexit.o) (atexit)
/opt/homebrew/Cellar/riscv-gnu-toolchain/main/lib/gcc/riscv64-unknown-elf/14.2.0/../../../../riscv64-unknown-elf/lib/rv32i/ilp32/libc.a(libc_a-freer.o)
                              /opt/homebrew/Cellar/riscv-gnu-toolchain/main/lib/gcc/riscv64-unknown-elf/14.2.0/../../../../riscv64-unknown-elf/lib/rv32i/ilp32/libc.a(libc_a-reent.o) (_free_r)
/opt/homebrew/Cellar/riscv-gnu-toolchain/main/lib/gcc/riscv64-unknown-elf/14.2.0/../../../../riscv64-unknown-elf/lib/rv32i/ilp32/libc.a(libc_a-mallocr.o)
                              /opt/homebrew/Cellar/riscv-gnu-toolchain/main/lib/gcc/riscv64-unknown-elf/14.2.0/../../../../riscv64-unknown-elf/lib/rv32i/ilp32/libc.a(libc_a-findfp.o) (_malloc_r)
/opt/homebrew/Cellar/riscv-gnu-toolchain/main/lib/gcc/riscv64-unknown-elf/14.2.0/../../../../riscv64-unknown-elf/lib/rv32i/ilp32/libc.a(libc_a-mlock.o)
                              /opt/homebrew/Cellar/riscv-gnu-toolchain/main/lib/gcc/riscv64-unknown-elf/14.2.0/../../../../riscv64-unknown-elf/lib/rv32i/ilp32/libc.a(libc_a-freer.o) (__malloc_lock)
/opt/homebrew/Cellar/riscv-gnu-toolchain/main/lib/gcc/riscv64-unknown-elf/14.2.0/../../../../riscv64-unknown-elf/lib/rv32i/ilp32/libc.a(libc_a-fclose.o)
                              /opt/homebrew/Cellar/riscv-gnu-toolchain/main/lib/gcc/riscv64-unknown-elf/14.2.0/../../../../riscv64-unknown-elf/lib/rv32i/ilp32/libc.a(libc_a-findfp.o) (_fclose_r)
/opt/homebrew/Cellar/riscv-gnu-toolchain/main/lib/gcc/riscv64-unknown-elf/14.2.0/../../../../riscv64-unknown-elf/lib/rv32i/ilp32/libc.a(libc_a-fflush.o)
                              /opt/homebrew/Cellar/riscv-gnu-toolchain/main/lib/gcc/riscv64-unknown-elf/14.2.0/../../../../riscv64-unknown-elf/lib/rv32i/ilp32/libc.a(libc_a-fclose.o) (__sflush_r)
/opt/homebrew/Cellar/riscv-gnu-toolchain/main/lib/gcc/riscv64-unknown-elf/14.2.0/../../../../riscv64-unknown-elf/lib/rv32i/ilp32/libc.a(libc_a-sbrkr.o)
                              /opt/homebrew/Cellar/riscv-gnu-toolchain/main/lib/gcc/riscv64-unknown-elf/14.2.0/../../../../riscv64-unknown-elf/lib/rv32i/ilp32/libc.a(libc_a-freer.o) (_sbrk_r)
/opt/homebrew/Cellar/riscv-gnu-toolchain/main/lib/gcc/riscv64-unknown-elf/14.2.0/../../../../riscv64-unknown-elf/lib/rv32i/ilp32/libc.a(libc_a-fini.o)
                              /opt/homebrew/Cellar/riscv-gnu-toolchain/main/lib/gcc/riscv64-unknown-elf/14.2.0/../../../../riscv64-unknown-elf/lib/rv32i/ilp32/libc.a(libc_a-__call_atexit.o) (__libc_fini_array)
/opt/homebrew/Cellar/riscv-gnu-toolchain/main/lib/gcc/riscv64-unknown-elf/14.2.0/../../../../riscv64-unknown-elf/lib/rv32i/ilp32/libc.a(libc_a-__atexit.o)
                              /opt/homebrew/Cellar/riscv-gnu-toolchain/main/lib/gcc/riscv64-unknown-elf/14.2.0/../../../../riscv64-unknown-elf/lib/rv32i/ilp32/libc.a(libc_a-atexit.o) (__register_exitproc)
/opt/homebrew/Cellar/riscv-gnu-toolchain/main/lib/gcc/riscv64-unknown-elf/14.2.0/../../../../riscv64-unknown-elf/lib/rv32i/ilp32/libgloss.a(riscv_libgloss_a-sys_close.o)
                              /opt/homebrew/Cellar/riscv-gnu-toolchain/main/lib/gcc/riscv64-unknown-elf/14.2.0/../../../../riscv64-unknown-elf/lib/rv32i/ilp32/libc.a(libc_a-closer.o) (_close)
/opt/homebrew/Cellar/riscv-gnu-toolchain/main/lib/gcc/riscv64-unknown-elf/14.2.0/../../../../riscv64-unknown-elf/lib/rv32i/ilp32/libgloss.a(riscv_libgloss_a-sys_exit.o)
                              /opt/homebrew/Cellar/riscv-gnu-toolchain/main/lib/gcc/riscv64-unknown-elf/14.2.0/../../../../riscv64-unknown-elf/lib/rv32i/ilp32/libc.a(libc_a-exit.o) (_exit)
/opt/homebrew/Cellar/riscv-gnu-toolchain/main/lib/gcc/riscv64-unknown-elf/14.2.0/../../../../riscv64-unknown-elf/lib/rv32i/ilp32/libgloss.a(riscv_libgloss_a-sys_lseek.o)
                              /opt/homebrew/Cellar/riscv-gnu-toolchain/main/lib/gcc/riscv64-unknown-elf/14.2.0/../../../../riscv64-unknown-elf/lib/rv32i/ilp32/libc.a(libc_a-lseekr.o) (_lseek)
/opt/homebrew/Cellar/riscv-gnu-toolchain/main/lib/gcc/riscv64-unknown-elf/14.2.0/../../../../riscv64-unknown-elf/lib/rv32i/ilp32/libgloss.a(riscv_libgloss_a-sys_read.o)
                              /opt/homebrew/Cellar/riscv-gnu-toolchain/main/lib/gcc/riscv64-unknown-elf/14.2.0/../../../../riscv64-unknown-elf/lib/rv32i/ilp32/libc.a(libc_a-readr.o) (_read)
/opt/homebrew/Cellar/riscv-gnu-toolchain/main/lib/gcc/riscv64-unknown-elf/14.2.0/../../../../riscv64-unknown-elf/lib/rv32i/ilp32/libgloss.a(riscv_libgloss_a-sys_sbrk.o)
                              /opt/homebrew/Cellar/riscv-gnu-toolchain/main/lib/gcc/riscv64-unknown-elf/14.2.0/../../../../riscv64-unknown-elf/lib/rv32i/ilp32/libc.a(libc_a-sbrkr.o) (_sbrk)
/opt/homebrew/Cellar/riscv-gnu-toolchain/main/lib/gcc/riscv64-unknown-elf/14.2.0/../../../../riscv64-unknown-elf/lib/rv32i/ilp32/libgloss.a(riscv_libgloss_a-sys_write.o)
                              /opt/homebrew/Cellar/riscv-gnu-toolchain/main/lib/gcc/riscv64-unknown-elf/14.2.0/../../../../riscv64-unknown-elf/lib/rv32i/ilp32/libc.a(libc_a-writer.o) (_write)
/opt/homebrew/Cellar/riscv-gnu-toolchain/main/lib/gcc/riscv64-unknown-elf/14.2.0/../../../../riscv64-unknown-elf/lib/rv32i/ilp32/libc.a(libc_a-errno.o)
                              /opt/homebrew/Cellar/riscv-gnu-toolchain/main/lib/gcc/riscv64-unknown-elf/14.2.0/../../../../riscv64-unknown-elf/lib/rv32i/ilp32/libgloss.a(riscv_libgloss_a-sys_close.o) (__errno)

There are no discarded input sections

Memory Configuration

Name             Origin             Length             Attributes
ram              0x00000000         0x00040000         ax
*default*        0x00000000         0xffffffff

Linker script and memory map

LOAD /opt/homebrew/Cellar/riscv-gnu-toolchain/main/lib/gcc/riscv64-unknown-elf/14.2.0/../../../../riscv64-unknown-elf/lib/rv32i/ilp32/crt0.o
LOAD /opt/homebrew/Cellar/riscv-gnu-toolchain/main/lib/gcc/riscv64-unknown-elf/14.2.0/rv32i/ilp32/crtbegin.o
START GROUP
END GROUP
LOAD fun-text.o
LOAD print.o
LOAD /opt/homebrew/Cellar/riscv-gnu-toolchain/main/lib/gcc/riscv64-unknown-elf/14.2.0/rv32i/ilp32/libgcc.a
START GROUP
LOAD /opt/homebrew/Cellar/riscv-gnu-toolchain/main/lib/gcc/riscv64-unknown-elf/14.2.0/../../../../riscv64-unknown-elf/lib/rv32i/ilp32/libc.a
LOAD /opt/homebrew/Cellar/riscv-gnu-toolchain/main/lib/gcc/riscv64-unknown-elf/14.2.0/../../../../riscv64-unknown-elf/lib/rv32i/ilp32/libgloss.a
END GROUP
LOAD /opt/homebrew/Cellar/riscv-gnu-toolchain/main/lib/gcc/riscv64-unknown-elf/14.2.0/rv32i/ilp32/libgcc.a
LOAD /opt/homebrew/Cellar/riscv-gnu-toolchain/main/lib/gcc/riscv64-unknown-elf/14.2.0/rv32i/ilp32/crtend.o

.text           0x00000000     0x2504
 *(.text*)
 .text          0x00000000       0x68 /opt/homebrew/Cellar/riscv-gnu-toolchain/main/lib/gcc/riscv64-unknown-elf/14.2.0/../../../../riscv64-unknown-elf/lib/rv32i/ilp32/crt0.o
                0x00000000                _start
 .text          0x00000068       0x84 /opt/homebrew/Cellar/riscv-gnu-toolchain/main/lib/gcc/riscv64-unknown-elf/14.2.0/rv32i/ilp32/crtbegin.o
 .text          0x000000ec        0x0 fun-text.o
 .text.startup.main
                0x000000ec       0x48 fun-text.o
                0x000000ec                main
 .text          0x00000134        0x0 print.o
 .text.printCharPos
                0x00000134       0x20 print.o
                0x00000134                printCharPos
 .text.printColorChar
                0x00000154       0x44 print.o
                0x00000154                printColorChar
 .text.printChar
                0x00000198       0x10 print.o
                0x00000198                printChar
 .text.printString
                0x000001a8       0x64 print.o
                0x000001a8                printString
 .text.printInt
                0x0000020c       0x88 print.o
                0x0000020c                printInt
 .text.newLine  0x00000294       0x48 print.o
                0x00000294                newLine
 .text.reset    0x000002dc        0xc print.o
                0x000002dc                reset
 .text          0x000002e8       0xb4 /opt/homebrew/Cellar/riscv-gnu-toolchain/main/lib/gcc/riscv64-unknown-elf/14.2.0/rv32i/ilp32/libgcc.a(div.o)
                0x000002e8                __divsi3
                0x000002f0                __hidden___udivsi3
                0x000002f0                __udivsi3
                0x00000338                __umodsi3
                0x0000036c                __modsi3
 .text          0x0000039c        0x0 /opt/homebrew/Cellar/riscv-gnu-toolchain/main/lib/gcc/riscv64-unknown-elf/14.2.0/../../../../riscv64-unknown-elf/lib/rv32i/ilp32/libc.a(libc_a-exit.o)
 .text.exit     0x0000039c       0x38 /opt/homebrew/Cellar/riscv-gnu-toolchain/main/lib/gcc/riscv64-unknown-elf/14.2.0/../../../../riscv64-unknown-elf/lib/rv32i/ilp32/libc.a(libc_a-exit.o)
                0x0000039c                exit
 .text          0x000003d4        0x0 /opt/homebrew/Cellar/riscv-gnu-toolchain/main/lib/gcc/riscv64-unknown-elf/14.2.0/../../../../riscv64-unknown-elf/lib/rv32i/ilp32/libc.a(libc_a-findfp.o)
 .text.__fp_lock
                0x000003d4        0x8 /opt/homebrew/Cellar/riscv-gnu-toolchain/main/lib/gcc/riscv64-unknown-elf/14.2.0/../../../../riscv64-unknown-elf/lib/rv32i/ilp32/libc.a(libc_a-findfp.o)
 .text.stdio_exit_handler
                0x000003dc       0x20 /opt/homebrew/Cellar/riscv-gnu-toolchain/main/lib/gcc/riscv64-unknown-elf/14.2.0/../../../../riscv64-unknown-elf/lib/rv32i/ilp32/libc.a(libc_a-findfp.o)
 .text.cleanup_stdio
                0x000003fc       0x7c /opt/homebrew/Cellar/riscv-gnu-toolchain/main/lib/gcc/riscv64-unknown-elf/14.2.0/../../../../riscv64-unknown-elf/lib/rv32i/ilp32/libc.a(libc_a-findfp.o)
 .text.__fp_unlock
                0x00000478        0x8 /opt/homebrew/Cellar/riscv-gnu-toolchain/main/lib/gcc/riscv64-unknown-elf/14.2.0/../../../../riscv64-unknown-elf/lib/rv32i/ilp32/libc.a(libc_a-findfp.o)
 .text.global_stdio_init.part.0
                0x00000480      0x17c /opt/homebrew/Cellar/riscv-gnu-toolchain/main/lib/gcc/riscv64-unknown-elf/14.2.0/../../../../riscv64-unknown-elf/lib/rv32i/ilp32/libc.a(libc_a-findfp.o)
 .text.__sfp    0x000005fc      0x13c /opt/homebrew/Cellar/riscv-gnu-toolchain/main/lib/gcc/riscv64-unknown-elf/14.2.0/../../../../riscv64-unknown-elf/lib/rv32i/ilp32/libc.a(libc_a-findfp.o)
                0x000005fc                __sfp
 .text.__sinit  0x00000738       0x2c /opt/homebrew/Cellar/riscv-gnu-toolchain/main/lib/gcc/riscv64-unknown-elf/14.2.0/../../../../riscv64-unknown-elf/lib/rv32i/ilp32/libc.a(libc_a-findfp.o)
                0x00000738                __sinit
 .text.__sfp_lock_acquire
                0x00000764        0x4 /opt/homebrew/Cellar/riscv-gnu-toolchain/main/lib/gcc/riscv64-unknown-elf/14.2.0/../../../../riscv64-unknown-elf/lib/rv32i/ilp32/libc.a(libc_a-findfp.o)
                0x00000764                __sfp_lock_acquire
 .text.__sfp_lock_release
                0x00000768        0x4 /opt/homebrew/Cellar/riscv-gnu-toolchain/main/lib/gcc/riscv64-unknown-elf/14.2.0/../../../../riscv64-unknown-elf/lib/rv32i/ilp32/libc.a(libc_a-findfp.o)
                0x00000768                __sfp_lock_release
 .text.__fp_lock_all
                0x0000076c       0x1c /opt/homebrew/Cellar/riscv-gnu-toolchain/main/lib/gcc/riscv64-unknown-elf/14.2.0/../../../../riscv64-unknown-elf/lib/rv32i/ilp32/libc.a(libc_a-findfp.o)
                0x0000076c                __fp_lock_all
 .text.__fp_unlock_all
                0x00000788       0x1c /opt/homebrew/Cellar/riscv-gnu-toolchain/main/lib/gcc/riscv64-unknown-elf/14.2.0/../../../../riscv64-unknown-elf/lib/rv32i/ilp32/libc.a(libc_a-findfp.o)
                0x00000788                __fp_unlock_all
 .text          0x000007a4        0x0 /opt/homebrew/Cellar/riscv-gnu-toolchain/main/lib/gcc/riscv64-unknown-elf/14.2.0/../../../../riscv64-unknown-elf/lib/rv32i/ilp32/libc.a(libc_a-fwalk.o)
 .text._fwalk_sglue
                0x000007a4       0xb4 /opt/homebrew/Cellar/riscv-gnu-toolchain/main/lib/gcc/riscv64-unknown-elf/14.2.0/../../../../riscv64-unknown-elf/lib/rv32i/ilp32/libc.a(libc_a-fwalk.o)
                0x000007a4                _fwalk_sglue
 .text          0x00000858        0x0 /opt/homebrew/Cellar/riscv-gnu-toolchain/main/lib/gcc/riscv64-unknown-elf/14.2.0/../../../../riscv64-unknown-elf/lib/rv32i/ilp32/libc.a(libc_a-stdio.o)
 .text.__sread  0x00000858       0x60 /opt/homebrew/Cellar/riscv-gnu-toolchain/main/lib/gcc/riscv64-unknown-elf/14.2.0/../../../../riscv64-unknown-elf/lib/rv32i/ilp32/libc.a(libc_a-stdio.o)
                0x00000858                __sread
 .text.__seofread
                0x000008b8        0x8 /opt/homebrew/Cellar/riscv-gnu-toolchain/main/lib/gcc/riscv64-unknown-elf/14.2.0/../../../../riscv64-unknown-elf/lib/rv32i/ilp32/libc.a(libc_a-stdio.o)
                0x000008b8                __seofread
 .text.__swrite
                0x000008c0       0x90 /opt/homebrew/Cellar/riscv-gnu-toolchain/main/lib/gcc/riscv64-unknown-elf/14.2.0/../../../../riscv64-unknown-elf/lib/rv32i/ilp32/libc.a(libc_a-stdio.o)
                0x000008c0                __swrite
 .text.__sseek  0x00000950       0x68 /opt/homebrew/Cellar/riscv-gnu-toolchain/main/lib/gcc/riscv64-unknown-elf/14.2.0/../../../../riscv64-unknown-elf/lib/rv32i/ilp32/libc.a(libc_a-stdio.o)
                0x00000950                __sseek
 .text.__sclose
                0x000009b8        0xc /opt/homebrew/Cellar/riscv-gnu-toolchain/main/lib/gcc/riscv64-unknown-elf/14.2.0/../../../../riscv64-unknown-elf/lib/rv32i/ilp32/libc.a(libc_a-stdio.o)
                0x000009b8                __sclose
 .text          0x000009c4        0x0 /opt/homebrew/Cellar/riscv-gnu-toolchain/main/lib/gcc/riscv64-unknown-elf/14.2.0/../../../../riscv64-unknown-elf/lib/rv32i/ilp32/libc.a(libc_a-closer.o)
 .text._close_r
                0x000009c4       0x7c /opt/homebrew/Cellar/riscv-gnu-toolchain/main/lib/gcc/riscv64-unknown-elf/14.2.0/../../../../riscv64-unknown-elf/lib/rv32i/ilp32/libc.a(libc_a-closer.o)
                0x000009c4                _close_r
 .text          0x00000a40        0x0 /opt/homebrew/Cellar/riscv-gnu-toolchain/main/lib/gcc/riscv64-unknown-elf/14.2.0/../../../../riscv64-unknown-elf/lib/rv32i/ilp32/libc.a(libc_a-reent.o)
 .text._reclaim_reent
                0x00000a40       0xfc /opt/homebrew/Cellar/riscv-gnu-toolchain/main/lib/gcc/riscv64-unknown-elf/14.2.0/../../../../riscv64-unknown-elf/lib/rv32i/ilp32/libc.a(libc_a-reent.o)
                0x00000a40                _reclaim_reent
 .text          0x00000b3c        0x0 /opt/homebrew/Cellar/riscv-gnu-toolchain/main/lib/gcc/riscv64-unknown-elf/14.2.0/../../../../riscv64-unknown-elf/lib/rv32i/ilp32/libc.a(libc_a-impure.o)
 .text          0x00000b3c        0x0 /opt/homebrew/Cellar/riscv-gnu-toolchain/main/lib/gcc/riscv64-unknown-elf/14.2.0/../../../../riscv64-unknown-elf/lib/rv32i/ilp32/libc.a(libc_a-lseekr.o)
 .text._lseek_r
                0x00000b3c       0x88 /opt/homebrew/Cellar/riscv-gnu-toolchain/main/lib/gcc/riscv64-unknown-elf/14.2.0/../../../../riscv64-unknown-elf/lib/rv32i/ilp32/libc.a(libc_a-lseekr.o)
                0x00000b3c                _lseek_r
 .text          0x00000bc4        0x0 /opt/homebrew/Cellar/riscv-gnu-toolchain/main/lib/gcc/riscv64-unknown-elf/14.2.0/../../../../riscv64-unknown-elf/lib/rv32i/ilp32/libc.a(libc_a-readr.o)
 .text._read_r  0x00000bc4       0x88 /opt/homebrew/Cellar/riscv-gnu-toolchain/main/lib/gcc/riscv64-unknown-elf/14.2.0/../../../../riscv64-unknown-elf/lib/rv32i/ilp32/libc.a(libc_a-readr.o)
                0x00000bc4                _read_r
 .text          0x00000c4c        0x0 /opt/homebrew/Cellar/riscv-gnu-toolchain/main/lib/gcc/riscv64-unknown-elf/14.2.0/../../../../riscv64-unknown-elf/lib/rv32i/ilp32/libc.a(libc_a-writer.o)
 .text._write_r
                0x00000c4c       0x88 /opt/homebrew/Cellar/riscv-gnu-toolchain/main/lib/gcc/riscv64-unknown-elf/14.2.0/../../../../riscv64-unknown-elf/lib/rv32i/ilp32/libc.a(libc_a-writer.o)
                0x00000c4c                _write_r
 .text          0x00000cd4        0x0 /opt/homebrew/Cellar/riscv-gnu-toolchain/main/lib/gcc/riscv64-unknown-elf/14.2.0/../../../../riscv64-unknown-elf/lib/rv32i/ilp32/libc.a(libc_a-init.o)
 .text.__libc_init_array
                0x00000cd4       0x94 /opt/homebrew/Cellar/riscv-gnu-toolchain/main/lib/gcc/riscv64-unknown-elf/14.2.0/../../../../riscv64-unknown-elf/lib/rv32i/ilp32/libc.a(libc_a-init.o)
                0x00000cd4                __libc_init_array
 .text          0x00000d68       0xdc /opt/homebrew/Cellar/riscv-gnu-toolchain/main/lib/gcc/riscv64-unknown-elf/14.2.0/../../../../riscv64-unknown-elf/lib/rv32i/ilp32/libc.a(libc_a-memset.o)
                0x00000d68                memset
 .text          0x00000e44        0x0 /opt/homebrew/Cellar/riscv-gnu-toolchain/main/lib/gcc/riscv64-unknown-elf/14.2.0/../../../../riscv64-unknown-elf/lib/rv32i/ilp32/libc.a(libc_a-strlen.o)
 .text.strlen   0x00000e44       0x8c /opt/homebrew/Cellar/riscv-gnu-toolchain/main/lib/gcc/riscv64-unknown-elf/14.2.0/../../../../riscv64-unknown-elf/lib/rv32i/ilp32/libc.a(libc_a-strlen.o)
                0x00000e44                strlen
 .text          0x00000ed0        0x0 /opt/homebrew/Cellar/riscv-gnu-toolchain/main/lib/gcc/riscv64-unknown-elf/14.2.0/../../../../riscv64-unknown-elf/lib/rv32i/ilp32/libc.a(libc_a-__call_atexit.o)
 .text.startup.register_fini
                0x00000ed0       0x20 /opt/homebrew/Cellar/riscv-gnu-toolchain/main/lib/gcc/riscv64-unknown-elf/14.2.0/../../../../riscv64-unknown-elf/lib/rv32i/ilp32/libc.a(libc_a-__call_atexit.o)
 .text.__call_exitprocs
                0x00000ef0      0x13c /opt/homebrew/Cellar/riscv-gnu-toolchain/main/lib/gcc/riscv64-unknown-elf/14.2.0/../../../../riscv64-unknown-elf/lib/rv32i/ilp32/libc.a(libc_a-__call_atexit.o)
                0x00000ef0                __call_exitprocs
 .text          0x0000102c        0x0 /opt/homebrew/Cellar/riscv-gnu-toolchain/main/lib/gcc/riscv64-unknown-elf/14.2.0/../../../../riscv64-unknown-elf/lib/rv32i/ilp32/libc.a(libc_a-atexit.o)
 .text.atexit   0x0000102c       0x18 /opt/homebrew/Cellar/riscv-gnu-toolchain/main/lib/gcc/riscv64-unknown-elf/14.2.0/../../../../riscv64-unknown-elf/lib/rv32i/ilp32/libc.a(libc_a-atexit.o)
                0x0000102c                atexit
 .text          0x00001044        0x0 /opt/homebrew/Cellar/riscv-gnu-toolchain/main/lib/gcc/riscv64-unknown-elf/14.2.0/../../../../riscv64-unknown-elf/lib/rv32i/ilp32/libc.a(libc_a-freer.o)
 .text._malloc_trim_r
                0x00001044      0x15c /opt/homebrew/Cellar/riscv-gnu-toolchain/main/lib/gcc/riscv64-unknown-elf/14.2.0/../../../../riscv64-unknown-elf/lib/rv32i/ilp32/libc.a(libc_a-freer.o)
                0x00001044                _malloc_trim_r
 .text._free_r  0x000011a0      0x308 /opt/homebrew/Cellar/riscv-gnu-toolchain/main/lib/gcc/riscv64-unknown-elf/14.2.0/../../../../riscv64-unknown-elf/lib/rv32i/ilp32/libc.a(libc_a-freer.o)
                0x000011a0                _free_r
 .text          0x000014a8        0x0 /opt/homebrew/Cellar/riscv-gnu-toolchain/main/lib/gcc/riscv64-unknown-elf/14.2.0/../../../../riscv64-unknown-elf/lib/rv32i/ilp32/libc.a(libc_a-mallocr.o)
 .text._malloc_r
                0x000014a8      0x864 /opt/homebrew/Cellar/riscv-gnu-toolchain/main/lib/gcc/riscv64-unknown-elf/14.2.0/../../../../riscv64-unknown-elf/lib/rv32i/ilp32/libc.a(libc_a-mallocr.o)
                0x000014a8                _malloc_r
 .text          0x00001d0c        0x0 /opt/homebrew/Cellar/riscv-gnu-toolchain/main/lib/gcc/riscv64-unknown-elf/14.2.0/../../../../riscv64-unknown-elf/lib/rv32i/ilp32/libc.a(libc_a-mlock.o)
 .text.__malloc_lock
                0x00001d0c        0x4 /opt/homebrew/Cellar/riscv-gnu-toolchain/main/lib/gcc/riscv64-unknown-elf/14.2.0/../../../../riscv64-unknown-elf/lib/rv32i/ilp32/libc.a(libc_a-mlock.o)
                0x00001d0c                __malloc_lock
 .text.__malloc_unlock
                0x00001d10        0x4 /opt/homebrew/Cellar/riscv-gnu-toolchain/main/lib/gcc/riscv64-unknown-elf/14.2.0/../../../../riscv64-unknown-elf/lib/rv32i/ilp32/libc.a(libc_a-mlock.o)
                0x00001d10                __malloc_unlock
 .text          0x00001d14        0x0 /opt/homebrew/Cellar/riscv-gnu-toolchain/main/lib/gcc/riscv64-unknown-elf/14.2.0/../../../../riscv64-unknown-elf/lib/rv32i/ilp32/libc.a(libc_a-fclose.o)
 .text._fclose_r
                0x00001d14      0x124 /opt/homebrew/Cellar/riscv-gnu-toolchain/main/lib/gcc/riscv64-unknown-elf/14.2.0/../../../../riscv64-unknown-elf/lib/rv32i/ilp32/libc.a(libc_a-fclose.o)
                0x00001d14                _fclose_r
 .text.fclose   0x00001e38       0x14 /opt/homebrew/Cellar/riscv-gnu-toolchain/main/lib/gcc/riscv64-unknown-elf/14.2.0/../../../../riscv64-unknown-elf/lib/rv32i/ilp32/libc.a(libc_a-fclose.o)
                0x00001e38                fclose
 .text          0x00001e4c        0x0 /opt/homebrew/Cellar/riscv-gnu-toolchain/main/lib/gcc/riscv64-unknown-elf/14.2.0/../../../../riscv64-unknown-elf/lib/rv32i/ilp32/libc.a(libc_a-fflush.o)
 .text.__sflush_r
                0x00001e4c      0x25c /opt/homebrew/Cellar/riscv-gnu-toolchain/main/lib/gcc/riscv64-unknown-elf/14.2.0/../../../../riscv64-unknown-elf/lib/rv32i/ilp32/libc.a(libc_a-fflush.o)
                0x00001e4c                __sflush_r
 .text._fflush_r
                0x000020a8       0x64 /opt/homebrew/Cellar/riscv-gnu-toolchain/main/lib/gcc/riscv64-unknown-elf/14.2.0/../../../../riscv64-unknown-elf/lib/rv32i/ilp32/libc.a(libc_a-fflush.o)
                0x000020a8                _fflush_r
 .text.fflush   0x0000210c       0x9c /opt/homebrew/Cellar/riscv-gnu-toolchain/main/lib/gcc/riscv64-unknown-elf/14.2.0/../../../../riscv64-unknown-elf/lib/rv32i/ilp32/libc.a(libc_a-fflush.o)
                0x0000210c                fflush
 .text          0x000021a8        0x0 /opt/homebrew/Cellar/riscv-gnu-toolchain/main/lib/gcc/riscv64-unknown-elf/14.2.0/../../../../riscv64-unknown-elf/lib/rv32i/ilp32/libc.a(libc_a-sbrkr.o)
 .text._sbrk_r  0x000021a8       0x7c /opt/homebrew/Cellar/riscv-gnu-toolchain/main/lib/gcc/riscv64-unknown-elf/14.2.0/../../../../riscv64-unknown-elf/lib/rv32i/ilp32/libc.a(libc_a-sbrkr.o)
                0x000021a8                _sbrk_r
 .text          0x00002224        0x0 /opt/homebrew/Cellar/riscv-gnu-toolchain/main/lib/gcc/riscv64-unknown-elf/14.2.0/../../../../riscv64-unknown-elf/lib/rv32i/ilp32/libc.a(libc_a-fini.o)
 .text.__libc_fini_array
                0x00002224       0x5c /opt/homebrew/Cellar/riscv-gnu-toolchain/main/lib/gcc/riscv64-unknown-elf/14.2.0/../../../../riscv64-unknown-elf/lib/rv32i/ilp32/libc.a(libc_a-fini.o)
                0x00002224                __libc_fini_array
 .text          0x00002280        0x0 /opt/homebrew/Cellar/riscv-gnu-toolchain/main/lib/gcc/riscv64-unknown-elf/14.2.0/../../../../riscv64-unknown-elf/lib/rv32i/ilp32/libc.a(libc_a-__atexit.o)
 .text.__register_exitproc
                0x00002280       0xa0 /opt/homebrew/Cellar/riscv-gnu-toolchain/main/lib/gcc/riscv64-unknown-elf/14.2.0/../../../../riscv64-unknown-elf/lib/rv32i/ilp32/libc.a(libc_a-__atexit.o)
                0x00002280                __register_exitproc
 .text          0x00002320        0x0 /opt/homebrew/Cellar/riscv-gnu-toolchain/main/lib/gcc/riscv64-unknown-elf/14.2.0/../../../../riscv64-unknown-elf/lib/rv32i/ilp32/libgloss.a(riscv_libgloss_a-sys_close.o)
 .text._close   0x00002320       0x48 /opt/homebrew/Cellar/riscv-gnu-toolchain/main/lib/gcc/riscv64-unknown-elf/14.2.0/../../../../riscv64-unknown-elf/lib/rv32i/ilp32/libgloss.a(riscv_libgloss_a-sys_close.o)
                0x00002320                _close
 .text          0x00002368        0x0 /opt/homebrew/Cellar/riscv-gnu-toolchain/main/lib/gcc/riscv64-unknown-elf/14.2.0/../../../../riscv64-unknown-elf/lib/rv32i/ilp32/libgloss.a(riscv_libgloss_a-sys_exit.o)
 .text._exit    0x00002368       0x34 /opt/homebrew/Cellar/riscv-gnu-toolchain/main/lib/gcc/riscv64-unknown-elf/14.2.0/../../../../riscv64-unknown-elf/lib/rv32i/ilp32/libgloss.a(riscv_libgloss_a-sys_exit.o)
                0x00002368                _exit
 .text          0x0000239c        0x0 /opt/homebrew/Cellar/riscv-gnu-toolchain/main/lib/gcc/riscv64-unknown-elf/14.2.0/../../../../riscv64-unknown-elf/lib/rv32i/ilp32/libgloss.a(riscv_libgloss_a-sys_lseek.o)
 .text._lseek   0x0000239c       0x48 /opt/homebrew/Cellar/riscv-gnu-toolchain/main/lib/gcc/riscv64-unknown-elf/14.2.0/../../../../riscv64-unknown-elf/lib/rv32i/ilp32/libgloss.a(riscv_libgloss_a-sys_lseek.o)
                0x0000239c                _lseek
 .text          0x000023e4        0x0 /opt/homebrew/Cellar/riscv-gnu-toolchain/main/lib/gcc/riscv64-unknown-elf/14.2.0/../../../../riscv64-unknown-elf/lib/rv32i/ilp32/libgloss.a(riscv_libgloss_a-sys_read.o)
 .text._read    0x000023e4       0x48 /opt/homebrew/Cellar/riscv-gnu-toolchain/main/lib/gcc/riscv64-unknown-elf/14.2.0/../../../../riscv64-unknown-elf/lib/rv32i/ilp32/libgloss.a(riscv_libgloss_a-sys_read.o)
                0x000023e4                _read
 .text          0x0000242c        0x0 /opt/homebrew/Cellar/riscv-gnu-toolchain/main/lib/gcc/riscv64-unknown-elf/14.2.0/../../../../riscv64-unknown-elf/lib/rv32i/ilp32/libgloss.a(riscv_libgloss_a-sys_sbrk.o)
 .text._sbrk    0x0000242c       0x84 /opt/homebrew/Cellar/riscv-gnu-toolchain/main/lib/gcc/riscv64-unknown-elf/14.2.0/../../../../riscv64-unknown-elf/lib/rv32i/ilp32/libgloss.a(riscv_libgloss_a-sys_sbrk.o)
                0x0000242c                _sbrk
 .text          0x000024b0        0x0 /opt/homebrew/Cellar/riscv-gnu-toolchain/main/lib/gcc/riscv64-unknown-elf/14.2.0/../../../../riscv64-unknown-elf/lib/rv32i/ilp32/libgloss.a(riscv_libgloss_a-sys_write.o)
 .text._write   0x000024b0       0x48 /opt/homebrew/Cellar/riscv-gnu-toolchain/main/lib/gcc/riscv64-unknown-elf/14.2.0/../../../../riscv64-unknown-elf/lib/rv32i/ilp32/libgloss.a(riscv_libgloss_a-sys_write.o)
                0x000024b0                _write
 .text          0x000024f8        0x0 /opt/homebrew/Cellar/riscv-gnu-toolchain/main/lib/gcc/riscv64-unknown-elf/14.2.0/../../../../riscv64-unknown-elf/lib/rv32i/ilp32/libc.a(libc_a-errno.o)
 .text.__errno  0x000024f8        0xc /opt/homebrew/Cellar/riscv-gnu-toolchain/main/lib/gcc/riscv64-unknown-elf/14.2.0/../../../../riscv64-unknown-elf/lib/rv32i/ilp32/libc.a(libc_a-errno.o)
                0x000024f8                __errno
 .text          0x00002504        0x0 /opt/homebrew/Cellar/riscv-gnu-toolchain/main/lib/gcc/riscv64-unknown-elf/14.2.0/rv32i/ilp32/crtend.o

.rodata         0x00002504       0x13
 *(.rodata*)
 .rodata.main.str1.4
                0x00002504       0x13 fun-text.o
 *(.srodata*)

.eh_frame       0x00002518        0x4
 .eh_frame      0x00002518        0x0 /opt/homebrew/Cellar/riscv-gnu-toolchain/main/lib/gcc/riscv64-unknown-elf/14.2.0/rv32i/ilp32/crtbegin.o
 .eh_frame      0x00002518        0x4 /opt/homebrew/Cellar/riscv-gnu-toolchain/main/lib/gcc/riscv64-unknown-elf/14.2.0/rv32i/ilp32/crtend.o

.rela.dyn       0x0000251c        0x0
 .rela.text     0x0000251c        0x0 /opt/homebrew/Cellar/riscv-gnu-toolchain/main/lib/gcc/riscv64-unknown-elf/14.2.0/../../../../riscv64-unknown-elf/lib/rv32i/ilp32/crt0.o
 .rela.text.__libc_init_array
                0x0000251c        0x0 /opt/homebrew/Cellar/riscv-gnu-toolchain/main/lib/gcc/riscv64-unknown-elf/14.2.0/../../../../riscv64-unknown-elf/lib/rv32i/ilp32/crt0.o
 .rela.text.startup.register_fini
                0x0000251c        0x0 /opt/homebrew/Cellar/riscv-gnu-toolchain/main/lib/gcc/riscv64-unknown-elf/14.2.0/../../../../riscv64-unknown-elf/lib/rv32i/ilp32/crt0.o
 .rela.text.__libc_fini_array
                0x0000251c        0x0 /opt/homebrew/Cellar/riscv-gnu-toolchain/main/lib/gcc/riscv64-unknown-elf/14.2.0/../../../../riscv64-unknown-elf/lib/rv32i/ilp32/crt0.o

.data           0x00002520      0x548
 *(.data*)
 .data          0x00002520        0x0 /opt/homebrew/Cellar/riscv-gnu-toolchain/main/lib/gcc/riscv64-unknown-elf/14.2.0/../../../../riscv64-unknown-elf/lib/rv32i/ilp32/crt0.o
 .data          0x00002520        0x0 /opt/homebrew/Cellar/riscv-gnu-toolchain/main/lib/gcc/riscv64-unknown-elf/14.2.0/rv32i/ilp32/crtbegin.o
 .data          0x00002520        0x0 fun-text.o
 .data          0x00002520        0x0 print.o
 .data          0x00002520        0x0 /opt/homebrew/Cellar/riscv-gnu-toolchain/main/lib/gcc/riscv64-unknown-elf/14.2.0/rv32i/ilp32/libgcc.a(div.o)
 .data          0x00002520        0x0 /opt/homebrew/Cellar/riscv-gnu-toolchain/main/lib/gcc/riscv64-unknown-elf/14.2.0/../../../../riscv64-unknown-elf/lib/rv32i/ilp32/libc.a(libc_a-exit.o)
 .data          0x00002520        0x0 /opt/homebrew/Cellar/riscv-gnu-toolchain/main/lib/gcc/riscv64-unknown-elf/14.2.0/../../../../riscv64-unknown-elf/lib/rv32i/ilp32/libc.a(libc_a-findfp.o)
 .data.__sglue  0x00002520        0xc /opt/homebrew/Cellar/riscv-gnu-toolchain/main/lib/gcc/riscv64-unknown-elf/14.2.0/../../../../riscv64-unknown-elf/lib/rv32i/ilp32/libc.a(libc_a-findfp.o)
                0x00002520                __sglue
 .data          0x0000252c        0x0 /opt/homebrew/Cellar/riscv-gnu-toolchain/main/lib/gcc/riscv64-unknown-elf/14.2.0/../../../../riscv64-unknown-elf/lib/rv32i/ilp32/libc.a(libc_a-fwalk.o)
 .data          0x0000252c        0x0 /opt/homebrew/Cellar/riscv-gnu-toolchain/main/lib/gcc/riscv64-unknown-elf/14.2.0/../../../../riscv64-unknown-elf/lib/rv32i/ilp32/libc.a(libc_a-stdio.o)
 .data          0x0000252c        0x0 /opt/homebrew/Cellar/riscv-gnu-toolchain/main/lib/gcc/riscv64-unknown-elf/14.2.0/../../../../riscv64-unknown-elf/lib/rv32i/ilp32/libc.a(libc_a-closer.o)
 .data          0x0000252c        0x0 /opt/homebrew/Cellar/riscv-gnu-toolchain/main/lib/gcc/riscv64-unknown-elf/14.2.0/../../../../riscv64-unknown-elf/lib/rv32i/ilp32/libc.a(libc_a-reent.o)
 .data          0x0000252c        0x0 /opt/homebrew/Cellar/riscv-gnu-toolchain/main/lib/gcc/riscv64-unknown-elf/14.2.0/../../../../riscv64-unknown-elf/lib/rv32i/ilp32/libc.a(libc_a-impure.o)
 *fill*         0x0000252c        0x4 
 .data._impure_data
                0x00002530      0x120 /opt/homebrew/Cellar/riscv-gnu-toolchain/main/lib/gcc/riscv64-unknown-elf/14.2.0/../../../../riscv64-unknown-elf/lib/rv32i/ilp32/libc.a(libc_a-impure.o)
                0x00002530                _impure_data
 .data          0x00002650        0x0 /opt/homebrew/Cellar/riscv-gnu-toolchain/main/lib/gcc/riscv64-unknown-elf/14.2.0/../../../../riscv64-unknown-elf/lib/rv32i/ilp32/libc.a(libc_a-lseekr.o)
 .data          0x00002650        0x0 /opt/homebrew/Cellar/riscv-gnu-toolchain/main/lib/gcc/riscv64-unknown-elf/14.2.0/../../../../riscv64-unknown-elf/lib/rv32i/ilp32/libc.a(libc_a-readr.o)
 .data          0x00002650        0x0 /opt/homebrew/Cellar/riscv-gnu-toolchain/main/lib/gcc/riscv64-unknown-elf/14.2.0/../../../../riscv64-unknown-elf/lib/rv32i/ilp32/libc.a(libc_a-writer.o)
 .data          0x00002650        0x0 /opt/homebrew/Cellar/riscv-gnu-toolchain/main/lib/gcc/riscv64-unknown-elf/14.2.0/../../../../riscv64-unknown-elf/lib/rv32i/ilp32/libc.a(libc_a-init.o)
 .data          0x00002650        0x0 /opt/homebrew/Cellar/riscv-gnu-toolchain/main/lib/gcc/riscv64-unknown-elf/14.2.0/../../../../riscv64-unknown-elf/lib/rv32i/ilp32/libc.a(libc_a-memset.o)
 .data          0x00002650        0x0 /opt/homebrew/Cellar/riscv-gnu-toolchain/main/lib/gcc/riscv64-unknown-elf/14.2.0/../../../../riscv64-unknown-elf/lib/rv32i/ilp32/libc.a(libc_a-strlen.o)
 .data          0x00002650        0x0 /opt/homebrew/Cellar/riscv-gnu-toolchain/main/lib/gcc/riscv64-unknown-elf/14.2.0/../../../../riscv64-unknown-elf/lib/rv32i/ilp32/libc.a(libc_a-__call_atexit.o)
 .data          0x00002650        0x0 /opt/homebrew/Cellar/riscv-gnu-toolchain/main/lib/gcc/riscv64-unknown-elf/14.2.0/../../../../riscv64-unknown-elf/lib/rv32i/ilp32/libc.a(libc_a-atexit.o)
 .data          0x00002650        0x0 /opt/homebrew/Cellar/riscv-gnu-toolchain/main/lib/gcc/riscv64-unknown-elf/14.2.0/../../../../riscv64-unknown-elf/lib/rv32i/ilp32/libc.a(libc_a-freer.o)
 .data          0x00002650        0x0 /opt/homebrew/Cellar/riscv-gnu-toolchain/main/lib/gcc/riscv64-unknown-elf/14.2.0/../../../../riscv64-unknown-elf/lib/rv32i/ilp32/libc.a(libc_a-mallocr.o)
 .data.__malloc_av_
                0x00002650      0x408 /opt/homebrew/Cellar/riscv-gnu-toolchain/main/lib/gcc/riscv64-unknown-elf/14.2.0/../../../../riscv64-unknown-elf/lib/rv32i/ilp32/libc.a(libc_a-mallocr.o)
                0x00002650                __malloc_av_
 .data          0x00002a58        0x0 /opt/homebrew/Cellar/riscv-gnu-toolchain/main/lib/gcc/riscv64-unknown-elf/14.2.0/../../../../riscv64-unknown-elf/lib/rv32i/ilp32/libc.a(libc_a-mlock.o)
 .data          0x00002a58        0x0 /opt/homebrew/Cellar/riscv-gnu-toolchain/main/lib/gcc/riscv64-unknown-elf/14.2.0/../../../../riscv64-unknown-elf/lib/rv32i/ilp32/libc.a(libc_a-fclose.o)
 .data          0x00002a58        0x0 /opt/homebrew/Cellar/riscv-gnu-toolchain/main/lib/gcc/riscv64-unknown-elf/14.2.0/../../../../riscv64-unknown-elf/lib/rv32i/ilp32/libc.a(libc_a-fflush.o)
 .data          0x00002a58        0x0 /opt/homebrew/Cellar/riscv-gnu-toolchain/main/lib/gcc/riscv64-unknown-elf/14.2.0/../../../../riscv64-unknown-elf/lib/rv32i/ilp32/libc.a(libc_a-sbrkr.o)
 .data          0x00002a58        0x0 /opt/homebrew/Cellar/riscv-gnu-toolchain/main/lib/gcc/riscv64-unknown-elf/14.2.0/../../../../riscv64-unknown-elf/lib/rv32i/ilp32/libc.a(libc_a-fini.o)
 .data          0x00002a58        0x0 /opt/homebrew/Cellar/riscv-gnu-toolchain/main/lib/gcc/riscv64-unknown-elf/14.2.0/../../../../riscv64-unknown-elf/lib/rv32i/ilp32/libc.a(libc_a-__atexit.o)
 .data          0x00002a58        0x0 /opt/homebrew/Cellar/riscv-gnu-toolchain/main/lib/gcc/riscv64-unknown-elf/14.2.0/../../../../riscv64-unknown-elf/lib/rv32i/ilp32/libgloss.a(riscv_libgloss_a-sys_close.o)
 .data          0x00002a58        0x0 /opt/homebrew/Cellar/riscv-gnu-toolchain/main/lib/gcc/riscv64-unknown-elf/14.2.0/../../../../riscv64-unknown-elf/lib/rv32i/ilp32/libgloss.a(riscv_libgloss_a-sys_exit.o)
 .data          0x00002a58        0x0 /opt/homebrew/Cellar/riscv-gnu-toolchain/main/lib/gcc/riscv64-unknown-elf/14.2.0/../../../../riscv64-unknown-elf/lib/rv32i/ilp32/libgloss.a(riscv_libgloss_a-sys_lseek.o)
 .data          0x00002a58        0x0 /opt/homebrew/Cellar/riscv-gnu-toolchain/main/lib/gcc/riscv64-unknown-elf/14.2.0/../../../../riscv64-unknown-elf/lib/rv32i/ilp32/libgloss.a(riscv_libgloss_a-sys_read.o)
 .data          0x00002a58        0x0 /opt/homebrew/Cellar/riscv-gnu-toolchain/main/lib/gcc/riscv64-unknown-elf/14.2.0/../../../../riscv64-unknown-elf/lib/rv32i/ilp32/libgloss.a(riscv_libgloss_a-sys_sbrk.o)
 .data          0x00002a58        0x0 /opt/homebrew/Cellar/riscv-gnu-toolchain/main/lib/gcc/riscv64-unknown-elf/14.2.0/../../../../riscv64-unknown-elf/lib/rv32i/ilp32/libgloss.a(riscv_libgloss_a-sys_write.o)
 .data          0x00002a58        0x0 /opt/homebrew/Cellar/riscv-gnu-toolchain/main/lib/gcc/riscv64-unknown-elf/14.2.0/../../../../riscv64-unknown-elf/lib/rv32i/ilp32/libc.a(libc_a-errno.o)
 .data          0x00002a58        0x0 /opt/homebrew/Cellar/riscv-gnu-toolchain/main/lib/gcc/riscv64-unknown-elf/14.2.0/rv32i/ilp32/crtend.o
 *(.sdata*)
 .sdata         0x00002a58        0x4 /opt/homebrew/Cellar/riscv-gnu-toolchain/main/lib/gcc/riscv64-unknown-elf/14.2.0/rv32i/ilp32/crtbegin.o
                0x00002a58                __dso_handle
 .sdata._impure_ptr
                0x00002a5c        0x4 /opt/homebrew/Cellar/riscv-gnu-toolchain/main/lib/gcc/riscv64-unknown-elf/14.2.0/../../../../riscv64-unknown-elf/lib/rv32i/ilp32/libc.a(libc_a-impure.o)
                0x00002a5c                _impure_ptr
 .sdata.__malloc_sbrk_base
                0x00002a60        0x4 /opt/homebrew/Cellar/riscv-gnu-toolchain/main/lib/gcc/riscv64-unknown-elf/14.2.0/../../../../riscv64-unknown-elf/lib/rv32i/ilp32/libc.a(libc_a-mallocr.o)
                0x00002a60                __malloc_sbrk_base
 .sdata.__malloc_trim_threshold
                0x00002a64        0x4 /opt/homebrew/Cellar/riscv-gnu-toolchain/main/lib/gcc/riscv64-unknown-elf/14.2.0/../../../../riscv64-unknown-elf/lib/rv32i/ilp32/libc.a(libc_a-mallocr.o)
                0x00002a64                __malloc_trim_threshold
                0x00002a68                        PROVIDE (__global_pointer$ = .)

.fini_array     0x00002a68        0x4
 .fini_array    0x00002a68        0x4 /opt/homebrew/Cellar/riscv-gnu-toolchain/main/lib/gcc/riscv64-unknown-elf/14.2.0/rv32i/ilp32/crtbegin.o

.init_array     0x00002a6c        0x4
 .init_array    0x00002a6c        0x4 /opt/homebrew/Cellar/riscv-gnu-toolchain/main/lib/gcc/riscv64-unknown-elf/14.2.0/rv32i/ilp32/crtbegin.o

.init_array.00000
                0x00002a70        0x4
 .init_array.00000
                0x00002a70        0x4 /opt/homebrew/Cellar/riscv-gnu-toolchain/main/lib/gcc/riscv64-unknown-elf/14.2.0/../../../../riscv64-unknown-elf/lib/rv32i/ilp32/libc.a(libc_a-__call_atexit.o)

.bss            0x00002a78      0x32c
                0x00002a78                        __bss_start = .
 *(.bss*)
 .bss           0x00002a78        0x0 /opt/homebrew/Cellar/riscv-gnu-toolchain/main/lib/gcc/riscv64-unknown-elf/14.2.0/../../../../riscv64-unknown-elf/lib/rv32i/ilp32/crt0.o
 .bss           0x00002a78       0x1c /opt/homebrew/Cellar/riscv-gnu-toolchain/main/lib/gcc/riscv64-unknown-elf/14.2.0/rv32i/ilp32/crtbegin.o
 .bss           0x00002a94        0x0 fun-text.o
 .bss           0x00002a94        0x0 print.o
 .bss           0x00002a94        0x0 /opt/homebrew/Cellar/riscv-gnu-toolchain/main/lib/gcc/riscv64-unknown-elf/14.2.0/rv32i/ilp32/libgcc.a(div.o)
 .bss           0x00002a94        0x0 /opt/homebrew/Cellar/riscv-gnu-toolchain/main/lib/gcc/riscv64-unknown-elf/14.2.0/../../../../riscv64-unknown-elf/lib/rv32i/ilp32/libc.a(libc_a-exit.o)
 .bss           0x00002a94        0x0 /opt/homebrew/Cellar/riscv-gnu-toolchain/main/lib/gcc/riscv64-unknown-elf/14.2.0/../../../../riscv64-unknown-elf/lib/rv32i/ilp32/libc.a(libc_a-findfp.o)
 .bss.__sf      0x00002a94      0x138 /opt/homebrew/Cellar/riscv-gnu-toolchain/main/lib/gcc/riscv64-unknown-elf/14.2.0/../../../../riscv64-unknown-elf/lib/rv32i/ilp32/libc.a(libc_a-findfp.o)
                0x00002a94                __sf
 .bss           0x00002bcc        0x0 /opt/homebrew/Cellar/riscv-gnu-toolchain/main/lib/gcc/riscv64-unknown-elf/14.2.0/../../../../riscv64-unknown-elf/lib/rv32i/ilp32/libc.a(libc_a-fwalk.o)
 .bss           0x00002bcc        0x0 /opt/homebrew/Cellar/riscv-gnu-toolchain/main/lib/gcc/riscv64-unknown-elf/14.2.0/../../../../riscv64-unknown-elf/lib/rv32i/ilp32/libc.a(libc_a-stdio.o)
 .bss           0x00002bcc        0x0 /opt/homebrew/Cellar/riscv-gnu-toolchain/main/lib/gcc/riscv64-unknown-elf/14.2.0/../../../../riscv64-unknown-elf/lib/rv32i/ilp32/libc.a(libc_a-closer.o)
 .bss           0x00002bcc        0x0 /opt/homebrew/Cellar/riscv-gnu-toolchain/main/lib/gcc/riscv64-unknown-elf/14.2.0/../../../../riscv64-unknown-elf/lib/rv32i/ilp32/libc.a(libc_a-reent.o)
 .bss           0x00002bcc        0x0 /opt/homebrew/Cellar/riscv-gnu-toolchain/main/lib/gcc/riscv64-unknown-elf/14.2.0/../../../../riscv64-unknown-elf/lib/rv32i/ilp32/libc.a(libc_a-impure.o)
 .bss           0x00002bcc        0x0 /opt/homebrew/Cellar/riscv-gnu-toolchain/main/lib/gcc/riscv64-unknown-elf/14.2.0/../../../../riscv64-unknown-elf/lib/rv32i/ilp32/libc.a(libc_a-lseekr.o)
 .bss           0x00002bcc        0x0 /opt/homebrew/Cellar/riscv-gnu-toolchain/main/lib/gcc/riscv64-unknown-elf/14.2.0/../../../../riscv64-unknown-elf/lib/rv32i/ilp32/libc.a(libc_a-readr.o)
 .bss           0x00002bcc        0x0 /opt/homebrew/Cellar/riscv-gnu-toolchain/main/lib/gcc/riscv64-unknown-elf/14.2.0/../../../../riscv64-unknown-elf/lib/rv32i/ilp32/libc.a(libc_a-writer.o)
 .bss           0x00002bcc        0x0 /opt/homebrew/Cellar/riscv-gnu-toolchain/main/lib/gcc/riscv64-unknown-elf/14.2.0/../../../../riscv64-unknown-elf/lib/rv32i/ilp32/libc.a(libc_a-init.o)
 .bss           0x00002bcc        0x0 /opt/homebrew/Cellar/riscv-gnu-toolchain/main/lib/gcc/riscv64-unknown-elf/14.2.0/../../../../riscv64-unknown-elf/lib/rv32i/ilp32/libc.a(libc_a-memset.o)
 .bss           0x00002bcc        0x0 /opt/homebrew/Cellar/riscv-gnu-toolchain/main/lib/gcc/riscv64-unknown-elf/14.2.0/../../../../riscv64-unknown-elf/lib/rv32i/ilp32/libc.a(libc_a-strlen.o)
 .bss           0x00002bcc        0x0 /opt/homebrew/Cellar/riscv-gnu-toolchain/main/lib/gcc/riscv64-unknown-elf/14.2.0/../../../../riscv64-unknown-elf/lib/rv32i/ilp32/libc.a(libc_a-__call_atexit.o)
 .bss           0x00002bcc        0x0 /opt/homebrew/Cellar/riscv-gnu-toolchain/main/lib/gcc/riscv64-unknown-elf/14.2.0/../../../../riscv64-unknown-elf/lib/rv32i/ilp32/libc.a(libc_a-atexit.o)
 .bss           0x00002bcc        0x0 /opt/homebrew/Cellar/riscv-gnu-toolchain/main/lib/gcc/riscv64-unknown-elf/14.2.0/../../../../riscv64-unknown-elf/lib/rv32i/ilp32/libc.a(libc_a-freer.o)
 .bss           0x00002bcc        0x0 /opt/homebrew/Cellar/riscv-gnu-toolchain/main/lib/gcc/riscv64-unknown-elf/14.2.0/../../../../riscv64-unknown-elf/lib/rv32i/ilp32/libc.a(libc_a-mallocr.o)
 .bss.__malloc_current_mallinfo
                0x00002bcc       0x28 /opt/homebrew/Cellar/riscv-gnu-toolchain/main/lib/gcc/riscv64-unknown-elf/14.2.0/../../../../riscv64-unknown-elf/lib/rv32i/ilp32/libc.a(libc_a-mallocr.o)
                0x00002bcc                __malloc_current_mallinfo
 .bss           0x00002bf4        0x0 /opt/homebrew/Cellar/riscv-gnu-toolchain/main/lib/gcc/riscv64-unknown-elf/14.2.0/../../../../riscv64-unknown-elf/lib/rv32i/ilp32/libc.a(libc_a-mlock.o)
 .bss           0x00002bf4        0x0 /opt/homebrew/Cellar/riscv-gnu-toolchain/main/lib/gcc/riscv64-unknown-elf/14.2.0/../../../../riscv64-unknown-elf/lib/rv32i/ilp32/libc.a(libc_a-fclose.o)
 .bss           0x00002bf4        0x0 /opt/homebrew/Cellar/riscv-gnu-toolchain/main/lib/gcc/riscv64-unknown-elf/14.2.0/../../../../riscv64-unknown-elf/lib/rv32i/ilp32/libc.a(libc_a-fflush.o)
 .bss           0x00002bf4        0x0 /opt/homebrew/Cellar/riscv-gnu-toolchain/main/lib/gcc/riscv64-unknown-elf/14.2.0/../../../../riscv64-unknown-elf/lib/rv32i/ilp32/libc.a(libc_a-sbrkr.o)
 .bss           0x00002bf4        0x0 /opt/homebrew/Cellar/riscv-gnu-toolchain/main/lib/gcc/riscv64-unknown-elf/14.2.0/../../../../riscv64-unknown-elf/lib/rv32i/ilp32/libc.a(libc_a-fini.o)
 .bss           0x00002bf4        0x0 /opt/homebrew/Cellar/riscv-gnu-toolchain/main/lib/gcc/riscv64-unknown-elf/14.2.0/../../../../riscv64-unknown-elf/lib/rv32i/ilp32/libc.a(libc_a-__atexit.o)
 .bss.__atexit0
                0x00002bf4      0x190 /opt/homebrew/Cellar/riscv-gnu-toolchain/main/lib/gcc/riscv64-unknown-elf/14.2.0/../../../../riscv64-unknown-elf/lib/rv32i/ilp32/libc.a(libc_a-__atexit.o)
                0x00002bf4                __atexit0
 .bss           0x00002d84        0x0 /opt/homebrew/Cellar/riscv-gnu-toolchain/main/lib/gcc/riscv64-unknown-elf/14.2.0/../../../../riscv64-unknown-elf/lib/rv32i/ilp32/libgloss.a(riscv_libgloss_a-sys_close.o)
 .bss           0x00002d84        0x0 /opt/homebrew/Cellar/riscv-gnu-toolchain/main/lib/gcc/riscv64-unknown-elf/14.2.0/../../../../riscv64-unknown-elf/lib/rv32i/ilp32/libgloss.a(riscv_libgloss_a-sys_exit.o)
 .bss           0x00002d84        0x0 /opt/homebrew/Cellar/riscv-gnu-toolchain/main/lib/gcc/riscv64-unknown-elf/14.2.0/../../../../riscv64-unknown-elf/lib/rv32i/ilp32/libgloss.a(riscv_libgloss_a-sys_lseek.o)
 .bss           0x00002d84        0x0 /opt/homebrew/Cellar/riscv-gnu-toolchain/main/lib/gcc/riscv64-unknown-elf/14.2.0/../../../../riscv64-unknown-elf/lib/rv32i/ilp32/libgloss.a(riscv_libgloss_a-sys_read.o)
 .bss           0x00002d84        0x0 /opt/homebrew/Cellar/riscv-gnu-toolchain/main/lib/gcc/riscv64-unknown-elf/14.2.0/../../../../riscv64-unknown-elf/lib/rv32i/ilp32/libgloss.a(riscv_libgloss_a-sys_sbrk.o)
 .bss           0x00002d84        0x0 /opt/homebrew/Cellar/riscv-gnu-toolchain/main/lib/gcc/riscv64-unknown-elf/14.2.0/../../../../riscv64-unknown-elf/lib/rv32i/ilp32/libgloss.a(riscv_libgloss_a-sys_write.o)
 .bss           0x00002d84        0x0 /opt/homebrew/Cellar/riscv-gnu-toolchain/main/lib/gcc/riscv64-unknown-elf/14.2.0/../../../../riscv64-unknown-elf/lib/rv32i/ilp32/libc.a(libc_a-errno.o)
 .bss           0x00002d84        0x0 /opt/homebrew/Cellar/riscv-gnu-toolchain/main/lib/gcc/riscv64-unknown-elf/14.2.0/rv32i/ilp32/crtend.o
 *(.sbss*)
 .sbss.currentPos
                0x00002d84        0x4 print.o
                0x00002d84                currentPos
 .sbss.__stdio_exit_handler
                0x00002d88        0x4 /opt/homebrew/Cellar/riscv-gnu-toolchain/main/lib/gcc/riscv64-unknown-elf/14.2.0/../../../../riscv64-unknown-elf/lib/rv32i/ilp32/libc.a(libc_a-findfp.o)
                0x00002d88                __stdio_exit_handler
 .sbss.errno    0x00002d8c        0x4 /opt/homebrew/Cellar/riscv-gnu-toolchain/main/lib/gcc/riscv64-unknown-elf/14.2.0/../../../../riscv64-unknown-elf/lib/rv32i/ilp32/libc.a(libc_a-reent.o)
                0x00002d8c                errno
 .sbss.__atexit
                0x00002d90        0x4 /opt/homebrew/Cellar/riscv-gnu-toolchain/main/lib/gcc/riscv64-unknown-elf/14.2.0/../../../../riscv64-unknown-elf/lib/rv32i/ilp32/libc.a(libc_a-__call_atexit.o)
                0x00002d90                __atexit
 .sbss.__malloc_max_total_mem
                0x00002d94        0x4 /opt/homebrew/Cellar/riscv-gnu-toolchain/main/lib/gcc/riscv64-unknown-elf/14.2.0/../../../../riscv64-unknown-elf/lib/rv32i/ilp32/libc.a(libc_a-mallocr.o)
                0x00002d94                __malloc_max_total_mem
 .sbss.__malloc_max_sbrked_mem
                0x00002d98        0x4 /opt/homebrew/Cellar/riscv-gnu-toolchain/main/lib/gcc/riscv64-unknown-elf/14.2.0/../../../../riscv64-unknown-elf/lib/rv32i/ilp32/libc.a(libc_a-mallocr.o)
                0x00002d98                __malloc_max_sbrked_mem
 .sbss.__malloc_top_pad
                0x00002d9c        0x4 /opt/homebrew/Cellar/riscv-gnu-toolchain/main/lib/gcc/riscv64-unknown-elf/14.2.0/../../../../riscv64-unknown-elf/lib/rv32i/ilp32/libc.a(libc_a-mallocr.o)
                0x00002d9c                __malloc_top_pad
 .sbss.heap_end.0
                0x00002da0        0x4 /opt/homebrew/Cellar/riscv-gnu-toolchain/main/lib/gcc/riscv64-unknown-elf/14.2.0/../../../../riscv64-unknown-elf/lib/rv32i/ilp32/libgloss.a(riscv_libgloss_a-sys_sbrk.o)
 *(COMMON)
                0x00002da4                        _end = .
OUTPUT(fun-text elf32-littleriscv)

.riscv.attributes
                0x00000000       0x1c
 .riscv.attributes
                0x00000000       0x1a /opt/homebrew/Cellar/riscv-gnu-toolchain/main/lib/gcc/riscv64-unknown-elf/14.2.0/../../../../riscv64-unknown-elf/lib/rv32i/ilp32/crt0.o
 .riscv.attributes
                0x0000001a       0x1c /opt/homebrew/Cellar/riscv-gnu-toolchain/main/lib/gcc/riscv64-unknown-elf/14.2.0/rv32i/ilp32/crtbegin.o
 .riscv.attributes
                0x00000036       0x1c fun-text.o
 .riscv.attributes
                0x00000052       0x1c print.o
 .riscv.attributes
                0x0000006e       0x1a /opt/homebrew/Cellar/riscv-gnu-toolchain/main/lib/gcc/riscv64-unknown-elf/14.2.0/rv32i/ilp32/libgcc.a(div.o)
 .riscv.attributes
                0x00000088       0x1c /opt/homebrew/Cellar/riscv-gnu-toolchain/main/lib/gcc/riscv64-unknown-elf/14.2.0/../../../../riscv64-unknown-elf/lib/rv32i/ilp32/libc.a(libc_a-exit.o)
 .riscv.attributes
                0x000000a4       0x1c /opt/homebrew/Cellar/riscv-gnu-toolchain/main/lib/gcc/riscv64-unknown-elf/14.2.0/../../../../riscv64-unknown-elf/lib/rv32i/ilp32/libc.a(libc_a-findfp.o)
 .riscv.attributes
                0x000000c0       0x1c /opt/homebrew/Cellar/riscv-gnu-toolchain/main/lib/gcc/riscv64-unknown-elf/14.2.0/../../../../riscv64-unknown-elf/lib/rv32i/ilp32/libc.a(libc_a-fwalk.o)
 .riscv.attributes
                0x000000dc       0x1c /opt/homebrew/Cellar/riscv-gnu-toolchain/main/lib/gcc/riscv64-unknown-elf/14.2.0/../../../../riscv64-unknown-elf/lib/rv32i/ilp32/libc.a(libc_a-stdio.o)
 .riscv.attributes
                0x000000f8       0x1c /opt/homebrew/Cellar/riscv-gnu-toolchain/main/lib/gcc/riscv64-unknown-elf/14.2.0/../../../../riscv64-unknown-elf/lib/rv32i/ilp32/libc.a(libc_a-closer.o)
 .riscv.attributes
                0x00000114       0x1c /opt/homebrew/Cellar/riscv-gnu-toolchain/main/lib/gcc/riscv64-unknown-elf/14.2.0/../../../../riscv64-unknown-elf/lib/rv32i/ilp32/libc.a(libc_a-reent.o)
 .riscv.attributes
                0x00000130       0x1c /opt/homebrew/Cellar/riscv-gnu-toolchain/main/lib/gcc/riscv64-unknown-elf/14.2.0/../../../../riscv64-unknown-elf/lib/rv32i/ilp32/libc.a(libc_a-impure.o)
 .riscv.attributes
                0x0000014c       0x1c /opt/homebrew/Cellar/riscv-gnu-toolchain/main/lib/gcc/riscv64-unknown-elf/14.2.0/../../../../riscv64-unknown-elf/lib/rv32i/ilp32/libc.a(libc_a-lseekr.o)
 .riscv.attributes
                0x00000168       0x1c /opt/homebrew/Cellar/riscv-gnu-toolchain/main/lib/gcc/riscv64-unknown-elf/14.2.0/../../../../riscv64-unknown-elf/lib/rv32i/ilp32/libc.a(libc_a-readr.o)
 .riscv.attributes
                0x00000184       0x1c /opt/homebrew/Cellar/riscv-gnu-toolchain/main/lib/gcc/riscv64-unknown-elf/14.2.0/../../../../riscv64-unknown-elf/lib/rv32i/ilp32/libc.a(libc_a-writer.o)
 .riscv.attributes
                0x000001a0       0x1c /opt/homebrew/Cellar/riscv-gnu-toolchain/main/lib/gcc/riscv64-unknown-elf/14.2.0/../../../../riscv64-unknown-elf/lib/rv32i/ilp32/libc.a(libc_a-init.o)
 .riscv.attributes
                0x000001bc       0x1a /opt/homebrew/Cellar/riscv-gnu-toolchain/main/lib/gcc/riscv64-unknown-elf/14.2.0/../../../../riscv64-unknown-elf/lib/rv32i/ilp32/libc.a(libc_a-memset.o)
 .riscv.attributes
                0x000001d6       0x1c /opt/homebrew/Cellar/riscv-gnu-toolchain/main/lib/gcc/riscv64-unknown-elf/14.2.0/../../../../riscv64-unknown-elf/lib/rv32i/ilp32/libc.a(libc_a-strlen.o)
 .riscv.attributes
                0x000001f2       0x1c /opt/homebrew/Cellar/riscv-gnu-toolchain/main/lib/gcc/riscv64-unknown-elf/14.2.0/../../../../riscv64-unknown-elf/lib/rv32i/ilp32/libc.a(libc_a-__call_atexit.o)
 .riscv.attributes
                0x0000020e       0x1c /opt/homebrew/Cellar/riscv-gnu-toolchain/main/lib/gcc/riscv64-unknown-elf/14.2.0/../../../../riscv64-unknown-elf/lib/rv32i/ilp32/libc.a(libc_a-atexit.o)
 .riscv.attributes
                0x0000022a       0x1c /opt/homebrew/Cellar/riscv-gnu-toolchain/main/lib/gcc/riscv64-unknown-elf/14.2.0/../../../../riscv64-unknown-elf/lib/rv32i/ilp32/libc.a(libc_a-freer.o)
 .riscv.attributes
                0x00000246       0x1c /opt/homebrew/Cellar/riscv-gnu-toolchain/main/lib/gcc/riscv64-unknown-elf/14.2.0/../../../../riscv64-unknown-elf/lib/rv32i/ilp32/libc.a(libc_a-mallocr.o)
 .riscv.attributes
                0x00000262       0x1c /opt/homebrew/Cellar/riscv-gnu-toolchain/main/lib/gcc/riscv64-unknown-elf/14.2.0/../../../../riscv64-unknown-elf/lib/rv32i/ilp32/libc.a(libc_a-mlock.o)
 .riscv.attributes
                0x0000027e       0x1c /opt/homebrew/Cellar/riscv-gnu-toolchain/main/lib/gcc/riscv64-unknown-elf/14.2.0/../../../../riscv64-unknown-elf/lib/rv32i/ilp32/libc.a(libc_a-fclose.o)
 .riscv.attributes
                0x0000029a       0x1c /opt/homebrew/Cellar/riscv-gnu-toolchain/main/lib/gcc/riscv64-unknown-elf/14.2.0/../../../../riscv64-unknown-elf/lib/rv32i/ilp32/libc.a(libc_a-fflush.o)
 .riscv.attributes
                0x000002b6       0x1c /opt/homebrew/Cellar/riscv-gnu-toolchain/main/lib/gcc/riscv64-unknown-elf/14.2.0/../../../../riscv64-unknown-elf/lib/rv32i/ilp32/libc.a(libc_a-sbrkr.o)
 .riscv.attributes
                0x000002d2       0x1c /opt/homebrew/Cellar/riscv-gnu-toolchain/main/lib/gcc/riscv64-unknown-elf/14.2.0/../../../../riscv64-unknown-elf/lib/rv32i/ilp32/libc.a(libc_a-fini.o)
 .riscv.attributes
                0x000002ee       0x1c /opt/homebrew/Cellar/riscv-gnu-toolchain/main/lib/gcc/riscv64-unknown-elf/14.2.0/../../../../riscv64-unknown-elf/lib/rv32i/ilp32/libc.a(libc_a-__atexit.o)
 .riscv.attributes
                0x0000030a       0x1c /opt/homebrew/Cellar/riscv-gnu-toolchain/main/lib/gcc/riscv64-unknown-elf/14.2.0/../../../../riscv64-unknown-elf/lib/rv32i/ilp32/libgloss.a(riscv_libgloss_a-sys_close.o)
 .riscv.attributes
                0x00000326       0x1c /opt/homebrew/Cellar/riscv-gnu-toolchain/main/lib/gcc/riscv64-unknown-elf/14.2.0/../../../../riscv64-unknown-elf/lib/rv32i/ilp32/libgloss.a(riscv_libgloss_a-sys_exit.o)
 .riscv.attributes
                0x00000342       0x1c /opt/homebrew/Cellar/riscv-gnu-toolchain/main/lib/gcc/riscv64-unknown-elf/14.2.0/../../../../riscv64-unknown-elf/lib/rv32i/ilp32/libgloss.a(riscv_libgloss_a-sys_lseek.o)
 .riscv.attributes
                0x0000035e       0x1c /opt/homebrew/Cellar/riscv-gnu-toolchain/main/lib/gcc/riscv64-unknown-elf/14.2.0/../../../../riscv64-unknown-elf/lib/rv32i/ilp32/libgloss.a(riscv_libgloss_a-sys_read.o)
 .riscv.attributes
                0x0000037a       0x1c /opt/homebrew/Cellar/riscv-gnu-toolchain/main/lib/gcc/riscv64-unknown-elf/14.2.0/../../../../riscv64-unknown-elf/lib/rv32i/ilp32/libgloss.a(riscv_libgloss_a-sys_sbrk.o)
 .riscv.attributes
                0x00000396       0x1c /opt/homebrew/Cellar/riscv-gnu-toolchain/main/lib/gcc/riscv64-unknown-elf/14.2.0/../../../../riscv64-unknown-elf/lib/rv32i/ilp32/libgloss.a(riscv_libgloss_a-sys_write.o)
 .riscv.attributes
                0x000003b2       0x1c /opt/homebrew/Cellar/riscv-gnu-toolchain/main/lib/gcc/riscv64-unknown-elf/14.2.0/../../../../riscv64-unknown-elf/lib/rv32i/ilp32/libc.a(libc_a-errno.o)
 .riscv.attributes
                0x000003ce       0x1c /opt/homebrew/Cellar/riscv-gnu-toolchain/main/lib/gcc/riscv64-unknown-elf/14.2.0/rv32i/ilp32/crtend.o

.comment        0x00000000       0x2b
 .comment       0x00000000       0x2b /opt/homebrew/Cellar/riscv-gnu-toolchain/main/lib/gcc/riscv64-unknown-elf/14.2.0/rv32i/ilp32/crtbegin.o
                                 0x1a (size before relaxing)
 .comment       0x0000002b       0x1a fun-text.o
 .comment       0x0000002b       0x1a print.o
 .comment       0x0000002b       0x13 /opt/homebrew/Cellar/riscv-gnu-toolchain/main/lib/gcc/riscv64-unknown-elf/14.2.0/../../../../riscv64-unknown-elf/lib/rv32i/ilp32/libc.a(libc_a-exit.o)
 .comment       0x0000002b       0x13 /opt/homebrew/Cellar/riscv-gnu-toolchain/main/lib/gcc/riscv64-unknown-elf/14.2.0/../../../../riscv64-unknown-elf/lib/rv32i/ilp32/libc.a(libc_a-findfp.o)
 .comment       0x0000002b       0x13 /opt/homebrew/Cellar/riscv-gnu-toolchain/main/lib/gcc/riscv64-unknown-elf/14.2.0/../../../../riscv64-unknown-elf/lib/rv32i/ilp32/libc.a(libc_a-fwalk.o)
 .comment       0x0000002b       0x13 /opt/homebrew/Cellar/riscv-gnu-toolchain/main/lib/gcc/riscv64-unknown-elf/14.2.0/../../../../riscv64-unknown-elf/lib/rv32i/ilp32/libc.a(libc_a-stdio.o)
 .comment       0x0000002b       0x13 /opt/homebrew/Cellar/riscv-gnu-toolchain/main/lib/gcc/riscv64-unknown-elf/14.2.0/../../../../riscv64-unknown-elf/lib/rv32i/ilp32/libc.a(libc_a-closer.o)
 .comment       0x0000002b       0x13 /opt/homebrew/Cellar/riscv-gnu-toolchain/main/lib/gcc/riscv64-unknown-elf/14.2.0/../../../../riscv64-unknown-elf/lib/rv32i/ilp32/libc.a(libc_a-reent.o)
 .comment       0x0000002b       0x13 /opt/homebrew/Cellar/riscv-gnu-toolchain/main/lib/gcc/riscv64-unknown-elf/14.2.0/../../../../riscv64-unknown-elf/lib/rv32i/ilp32/libc.a(libc_a-impure.o)
 .comment       0x0000002b       0x13 /opt/homebrew/Cellar/riscv-gnu-toolchain/main/lib/gcc/riscv64-unknown-elf/14.2.0/../../../../riscv64-unknown-elf/lib/rv32i/ilp32/libc.a(libc_a-lseekr.o)
 .comment       0x0000002b       0x13 /opt/homebrew/Cellar/riscv-gnu-toolchain/main/lib/gcc/riscv64-unknown-elf/14.2.0/../../../../riscv64-unknown-elf/lib/rv32i/ilp32/libc.a(libc_a-readr.o)
 .comment       0x0000002b       0x13 /opt/homebrew/Cellar/riscv-gnu-toolchain/main/lib/gcc/riscv64-unknown-elf/14.2.0/../../../../riscv64-unknown-elf/lib/rv32i/ilp32/libc.a(libc_a-writer.o)
 .comment       0x0000002b       0x13 /opt/homebrew/Cellar/riscv-gnu-toolchain/main/lib/gcc/riscv64-unknown-elf/14.2.0/../../../../riscv64-unknown-elf/lib/rv32i/ilp32/libc.a(libc_a-init.o)
 .comment       0x0000002b       0x13 /opt/homebrew/Cellar/riscv-gnu-toolchain/main/lib/gcc/riscv64-unknown-elf/14.2.0/../../../../riscv64-unknown-elf/lib/rv32i/ilp32/libc.a(libc_a-strlen.o)
 .comment       0x0000002b       0x13 /opt/homebrew/Cellar/riscv-gnu-toolchain/main/lib/gcc/riscv64-unknown-elf/14.2.0/../../../../riscv64-unknown-elf/lib/rv32i/ilp32/libc.a(libc_a-__call_atexit.o)
 .comment       0x0000002b       0x13 /opt/homebrew/Cellar/riscv-gnu-toolchain/main/lib/gcc/riscv64-unknown-elf/14.2.0/../../../../riscv64-unknown-elf/lib/rv32i/ilp32/libc.a(libc_a-atexit.o)
 .comment       0x0000002b       0x13 /opt/homebrew/Cellar/riscv-gnu-toolchain/main/lib/gcc/riscv64-unknown-elf/14.2.0/../../../../riscv64-unknown-elf/lib/rv32i/ilp32/libc.a(libc_a-freer.o)
 .comment       0x0000002b       0x13 /opt/homebrew/Cellar/riscv-gnu-toolchain/main/lib/gcc/riscv64-unknown-elf/14.2.0/../../../../riscv64-unknown-elf/lib/rv32i/ilp32/libc.a(libc_a-mallocr.o)
 .comment       0x0000002b       0x13 /opt/homebrew/Cellar/riscv-gnu-toolchain/main/lib/gcc/riscv64-unknown-elf/14.2.0/../../../../riscv64-unknown-elf/lib/rv32i/ilp32/libc.a(libc_a-mlock.o)
 .comment       0x0000002b       0x13 /opt/homebrew/Cellar/riscv-gnu-toolchain/main/lib/gcc/riscv64-unknown-elf/14.2.0/../../../../riscv64-unknown-elf/lib/rv32i/ilp32/libc.a(libc_a-fclose.o)
 .comment       0x0000002b       0x13 /opt/homebrew/Cellar/riscv-gnu-toolchain/main/lib/gcc/riscv64-unknown-elf/14.2.0/../../../../riscv64-unknown-elf/lib/rv32i/ilp32/libc.a(libc_a-fflush.o)
 .comment       0x0000002b       0x13 /opt/homebrew/Cellar/riscv-gnu-toolchain/main/lib/gcc/riscv64-unknown-elf/14.2.0/../../../../riscv64-unknown-elf/lib/rv32i/ilp32/libc.a(libc_a-sbrkr.o)
 .comment       0x0000002b       0x13 /opt/homebrew/Cellar/riscv-gnu-toolchain/main/lib/gcc/riscv64-unknown-elf/14.2.0/../../../../riscv64-unknown-elf/lib/rv32i/ilp32/libc.a(libc_a-fini.o)
 .comment       0x0000002b       0x13 /opt/homebrew/Cellar/riscv-gnu-toolchain/main/lib/gcc/riscv64-unknown-elf/14.2.0/../../../../riscv64-unknown-elf/lib/rv32i/ilp32/libc.a(libc_a-__atexit.o)
 .comment       0x0000002b       0x13 /opt/homebrew/Cellar/riscv-gnu-toolchain/main/lib/gcc/riscv64-unknown-elf/14.2.0/../../../../riscv64-unknown-elf/lib/rv32i/ilp32/libgloss.a(riscv_libgloss_a-sys_close.o)
 .comment       0x0000002b       0x13 /opt/homebrew/Cellar/riscv-gnu-toolchain/main/lib/gcc/riscv64-unknown-elf/14.2.0/../../../../riscv64-unknown-elf/lib/rv32i/ilp32/libgloss.a(riscv_libgloss_a-sys_exit.o)
 .comment       0x0000002b       0x13 /opt/homebrew/Cellar/riscv-gnu-toolchain/main/lib/gcc/riscv64-unknown-elf/14.2.0/../../../../riscv64-unknown-elf/lib/rv32i/ilp32/libgloss.a(riscv_libgloss_a-sys_lseek.o)
 .comment       0x0000002b       0x13 /opt/homebrew/Cellar/riscv-gnu-toolchain/main/lib/gcc/riscv64-unknown-elf/14.2.0/../../../../riscv64-unknown-elf/lib/rv32i/ilp32/libgloss.a(riscv_libgloss_a-sys_read.o)
 .comment       0x0000002b       0x13 /opt/homebrew/Cellar/riscv-gnu-toolchain/main/lib/gcc/riscv64-unknown-elf/14.2.0/../../../../riscv64-unknown-elf/lib/rv32i/ilp32/libgloss.a(riscv_libgloss_a-sys_sbrk.o)
 .comment       0x0000002b       0x13 /opt/homebrew/Cellar/riscv-gnu-toolchain/main/lib/gcc/riscv64-unknown-elf/14.2.0/../../../../riscv64-unknown-elf/lib/rv32i/ilp32/libgloss.a(riscv_libgloss_a-sys_write.o)
 .comment       0x0000002b       0x13 /opt/homebrew/Cellar/riscv-gnu-toolchain/main/lib/gcc/riscv64-unknown-elf/14.2.0/../../../../riscv64-unknown-elf/lib/rv32i/ilp32/libc.a(libc_a-errno.o)
 .comment       0x0000002b       0x1a /opt/homebrew/Cellar/riscv-gnu-toolchain/main/lib/gcc/riscv64-unknown-elf/14.2.0/rv32i/ilp32/crtend.o

.note.GNU-stack
                0x00000000        0x0
 .note.GNU-stack
                0x00000000        0x0 /opt/homebrew/Cellar/riscv-gnu-toolchain/main/lib/gcc/riscv64-unknown-elf/14.2.0/rv32i/ilp32/crtbegin.o
 .note.GNU-stack
                0x00000000        0x0 fun-text.o
 .note.GNU-stack
                0x00000000        0x0 print.o
 .note.GNU-stack
                0x00000000        0x0 /opt/homebrew/Cellar/riscv-gnu-toolchain/main/lib/gcc/riscv64-unknown-elf/14.2.0/../../../../riscv64-unknown-elf/lib/rv32i/ilp32/libc.a(libc_a-exit.o)
 .note.GNU-stack
                0x00000000        0x0 /opt/homebrew/Cellar/riscv-gnu-toolchain/main/lib/gcc/riscv64-unknown-elf/14.2.0/../../../../riscv64-unknown-elf/lib/rv32i/ilp32/libc.a(libc_a-findfp.o)
 .note.GNU-stack
                0x00000000        0x0 /opt/homebrew/Cellar/riscv-gnu-toolchain/main/lib/gcc/riscv64-unknown-elf/14.2.0/../../../../riscv64-unknown-elf/lib/rv32i/ilp32/libc.a(libc_a-fwalk.o)
 .note.GNU-stack
                0x00000000        0x0 /opt/homebrew/Cellar/riscv-gnu-toolchain/main/lib/gcc/riscv64-unknown-elf/14.2.0/../../../../riscv64-unknown-elf/lib/rv32i/ilp32/libc.a(libc_a-stdio.o)
 .note.GNU-stack
                0x00000000        0x0 /opt/homebrew/Cellar/riscv-gnu-toolchain/main/lib/gcc/riscv64-unknown-elf/14.2.0/../../../../riscv64-unknown-elf/lib/rv32i/ilp32/libc.a(libc_a-closer.o)
 .note.GNU-stack
                0x00000000        0x0 /opt/homebrew/Cellar/riscv-gnu-toolchain/main/lib/gcc/riscv64-unknown-elf/14.2.0/../../../../riscv64-unknown-elf/lib/rv32i/ilp32/libc.a(libc_a-reent.o)
 .note.GNU-stack
                0x00000000        0x0 /opt/homebrew/Cellar/riscv-gnu-toolchain/main/lib/gcc/riscv64-unknown-elf/14.2.0/../../../../riscv64-unknown-elf/lib/rv32i/ilp32/libc.a(libc_a-impure.o)
 .note.GNU-stack
                0x00000000        0x0 /opt/homebrew/Cellar/riscv-gnu-toolchain/main/lib/gcc/riscv64-unknown-elf/14.2.0/../../../../riscv64-unknown-elf/lib/rv32i/ilp32/libc.a(libc_a-lseekr.o)
 .note.GNU-stack
                0x00000000        0x0 /opt/homebrew/Cellar/riscv-gnu-toolchain/main/lib/gcc/riscv64-unknown-elf/14.2.0/../../../../riscv64-unknown-elf/lib/rv32i/ilp32/libc.a(libc_a-readr.o)
 .note.GNU-stack
                0x00000000        0x0 /opt/homebrew/Cellar/riscv-gnu-toolchain/main/lib/gcc/riscv64-unknown-elf/14.2.0/../../../../riscv64-unknown-elf/lib/rv32i/ilp32/libc.a(libc_a-writer.o)
 .note.GNU-stack
                0x00000000        0x0 /opt/homebrew/Cellar/riscv-gnu-toolchain/main/lib/gcc/riscv64-unknown-elf/14.2.0/../../../../riscv64-unknown-elf/lib/rv32i/ilp32/libc.a(libc_a-init.o)
 .note.GNU-stack
                0x00000000        0x0 /opt/homebrew/Cellar/riscv-gnu-toolchain/main/lib/gcc/riscv64-unknown-elf/14.2.0/../../../../riscv64-unknown-elf/lib/rv32i/ilp32/libc.a(libc_a-strlen.o)
 .note.GNU-stack
                0x00000000        0x0 /opt/homebrew/Cellar/riscv-gnu-toolchain/main/lib/gcc/riscv64-unknown-elf/14.2.0/../../../../riscv64-unknown-elf/lib/rv32i/ilp32/libc.a(libc_a-__call_atexit.o)
 .note.GNU-stack
                0x00000000        0x0 /opt/homebrew/Cellar/riscv-gnu-toolchain/main/lib/gcc/riscv64-unknown-elf/14.2.0/../../../../riscv64-unknown-elf/lib/rv32i/ilp32/libc.a(libc_a-atexit.o)
 .note.GNU-stack
                0x00000000        0x0 /opt/homebrew/Cellar/riscv-gnu-toolchain/main/lib/gcc/riscv64-unknown-elf/14.2.0/../../../../riscv64-unknown-elf/lib/rv32i/ilp32/libc.a(libc_a-freer.o)
 .note.GNU-stack
                0x00000000        0x0 /opt/homebrew/Cellar/riscv-gnu-toolchain/main/lib/gcc/riscv64-unknown-elf/14.2.0/../../../../riscv64-unknown-elf/lib/rv32i/ilp32/libc.a(libc_a-mallocr.o)
 .note.GNU-stack
                0x00000000        0x0 /opt/homebrew/Cellar/riscv-gnu-toolchain/main/lib/gcc/riscv64-unknown-elf/14.2.0/../../../../riscv64-unknown-elf/lib/rv32i/ilp32/libc.a(libc_a-mlock.o)
 .note.GNU-stack
                0x00000000        0x0 /opt/homebrew/Cellar/riscv-gnu-toolchain/main/lib/gcc/riscv64-unknown-elf/14.2.0/../../../../riscv64-unknown-elf/lib/rv32i/ilp32/libc.a(libc_a-fclose.o)
 .note.GNU-stack
                0x00000000        0x0 /opt/homebrew/Cellar/riscv-gnu-toolchain/main/lib/gcc/riscv64-unknown-elf/14.2.0/../../../../riscv64-unknown-elf/lib/rv32i/ilp32/libc.a(libc_a-fflush.o)
 .note.GNU-stack
                0x00000000        0x0 /opt/homebrew/Cellar/riscv-gnu-toolchain/main/lib/gcc/riscv64-unknown-elf/14.2.0/../../../../riscv64-unknown-elf/lib/rv32i/ilp32/libc.a(libc_a-sbrkr.o)
 .note.GNU-stack
                0x00000000        0x0 /opt/homebrew/Cellar/riscv-gnu-toolchain/main/lib/gcc/riscv64-unknown-elf/14.2.0/../../../../riscv64-unknown-elf/lib/rv32i/ilp32/libc.a(libc_a-fini.o)
 .note.GNU-stack
                0x00000000        0x0 /opt/homebrew/Cellar/riscv-gnu-toolchain/main/lib/gcc/riscv64-unknown-elf/14.2.0/../../../../riscv64-unknown-elf/lib/rv32i/ilp32/libc.a(libc_a-__atexit.o)
 .note.GNU-stack
                0x00000000        0x0 /opt/homebrew/Cellar/riscv-gnu-toolchain/main/lib/gcc/riscv64-unknown-elf/14.2.0/../../../../riscv64-unknown-elf/lib/rv32i/ilp32/libgloss.a(riscv_libgloss_a-sys_close.o)
 .note.GNU-stack
                0x00000000        0x0 /opt/homebrew/Cellar/riscv-gnu-toolchain/main/lib/gcc/riscv64-unknown-elf/14.2.0/../../../../riscv64-unknown-elf/lib/rv32i/ilp32/libgloss.a(riscv_libgloss_a-sys_exit.o)
 .note.GNU-stack
                0x00000000        0x0 /opt/homebrew/Cellar/riscv-gnu-toolchain/main/lib/gcc/riscv64-unknown-elf/14.2.0/../../../../riscv64-unknown-elf/lib/rv32i/ilp32/libgloss.a(riscv_libgloss_a-sys_lseek.o)
 .note.GNU-stack
                0x00000000        0x0 /opt/homebrew/Cellar/riscv-gnu-toolchain/main/lib/gcc/riscv64-unknown-elf/14.2.0/../../../../riscv64-unknown-elf/lib/rv32i/ilp32/libgloss.a(riscv_libgloss_a-sys_read.o)
 .note.GNU-stack
                0x00000000        0x0 /opt/homebrew/Cellar/riscv-gnu-toolchain/main/lib/gcc/riscv64-unknown-elf/14.2.0/../../../../riscv64-unknown-elf/lib/rv32i/ilp32/libgloss.a(riscv_libgloss_a-sys_sbrk.o)
 .note.GNU-stack
                0x00000000        0x0 /opt/homebrew/Cellar/riscv-gnu-toolchain/main/lib/gcc/riscv64-unknown-elf/14.2.0/../../../../riscv64-unknown-elf/lib/rv32i/ilp32/libgloss.a(riscv_libgloss_a-sys_write.o)
 .note.GNU-stack
                0x00000000        0x0 /opt/homebrew/Cellar/riscv-gnu-toolchain/main/lib/gcc/riscv64-unknown-elf/14.2.0/../../../../riscv64-unknown-elf/lib/rv32i/ilp32/libc.a(libc_a-errno.o)
 .note.GNU-stack
                0x00000000        0x0 /opt/homebrew/Cellar/riscv-gnu-toolchain/main/lib/gcc/riscv64-unknown-elf/14.2.0/rv32i/ilp32/crtend.o

.debug_info     0x00000000      0x40d
 .debug_info    0x00000000       0xc0 fun-text.o
 .debug_info    0x000000c0      0x2ee print.o
 .debug_info    0x000003ae       0x5f /opt/homebrew/Cellar/riscv-gnu-toolchain/main/lib/gcc/riscv64-unknown-elf/14.2.0/rv32i/ilp32/libgcc.a(div.o)

.debug_abbrev   0x00000000      0x269
 .debug_abbrev  0x00000000       0xbf fun-text.o
 .debug_abbrev  0x000000bf      0x182 print.o
 .debug_abbrev  0x00000241       0x28 /opt/homebrew/Cellar/riscv-gnu-toolchain/main/lib/gcc/riscv64-unknown-elf/14.2.0/rv32i/ilp32/libgcc.a(div.o)

.debug_loclists
                0x00000000      0x138
 .debug_loclists
                0x00000000       0x2e fun-text.o
 .debug_loclists
                0x0000002e      0x10a print.o

.debug_aranges  0x00000000       0x90
 .debug_aranges
                0x00000000       0x20 fun-text.o
 .debug_aranges
                0x00000020       0x50 print.o
 .debug_aranges
                0x00000070       0x20 /opt/homebrew/Cellar/riscv-gnu-toolchain/main/lib/gcc/riscv64-unknown-elf/14.2.0/rv32i/ilp32/libgcc.a(div.o)

.debug_rnglists
                0x00000000       0x66
 .debug_rnglists
                0x00000000       0x13 fun-text.o
 .debug_rnglists
                0x00000013       0x53 print.o

.debug_line     0x00000000      0x500
 .debug_line    0x00000000       0xbe fun-text.o
 .debug_line    0x000000be      0x2ef print.o
 .debug_line    0x000003ad      0x153 /opt/homebrew/Cellar/riscv-gnu-toolchain/main/lib/gcc/riscv64-unknown-elf/14.2.0/rv32i/ilp32/libgcc.a(div.o)

.debug_str      0x00000000      0x24e
 .debug_str     0x00000000      0x24e fun-text.o
                                 0xbc (size before relaxing)
 .debug_str     0x0000024e      0x1b2 print.o
 .debug_str     0x0000024e       0xec /opt/homebrew/Cellar/riscv-gnu-toolchain/main/lib/gcc/riscv64-unknown-elf/14.2.0/rv32i/ilp32/libgcc.a(div.o)

.debug_line_str
                0x00000000      0x1ac
 .debug_line_str
                0x00000000      0x1ac fun-text.o
                                 0x97 (size before relaxing)
 .debug_line_str
                0x000001ac      0x13b print.o
 .debug_line_str
                0x000001ac       0xa5 /opt/homebrew/Cellar/riscv-gnu-toolchain/main/lib/gcc/riscv64-unknown-elf/14.2.0/rv32i/ilp32/libgcc.a(div.o)

.debug_frame    0x00000000      0x10c
 .debug_frame   0x00000000       0x2c fun-text.o
 .debug_frame   0x0000002c       0xe0 print.o
